******************************************************************************
                  TI ARM Linker PC v18.12.3                    
******************************************************************************
>> Linked Fri Dec  6 13:24:14 2019

OUTPUT FILE NAME:   <mqtt_client_CC3220SF_LAUNCHXL_tirtos_ccs.out>
ENTRY POINT SYMBOL: "_c_int00"  address: 01012789


MEMORY CONFIGURATION

         name            origin    length      used     unused   attr    fill
----------------------  --------  ---------  --------  --------  ----  --------
  FLASH_HDR             01000000   000007ff  00000000  000007ff  R  X
  FLASH                 01000800   000ff800  0001662d  000e91d3  R  X
  SRAM                  20000000   00040000  0000acb7  00035349  RW X


SEGMENT ALLOCATION MAP

run origin  load origin   length   init length attrs members
----------  ----------- ---------- ----------- ----- -------
01000800    01000800    00016638   00016638    r-x
  01000800    01000800    0000003c   0000003c    r-- .resetVecs
  01000840    01000840    0001550a   0001550a    r-x .text
  01015d4c    01015d4c    00000d87   00000d87    r-- .const
  01016ad8    01016ad8    00000360   00000360    r-- .cinit
20000310    20000310    00008000   00000000    r--
  20000310    20000310    00008000   00000000    r-- .priheap
20008400    20008400    000025ac   00000000    rw-
  20008400    20008400    00001cd3   00000000    rw- .bss
  2000a0d4    2000a0d4    000008d8   00000000    rw- .data
2003fc00    2003fc00    00000400   00000000    rw-
  2003fc00    2003fc00    00000400   00000000    rw- .stack


SECTION ALLOCATION MAP

 output                                  attributes/
section   page    origin      length       input sections
--------  ----  ----------  ----------   ----------------
.text      0    01000840    0001550a     
                  01000840    00000a4e     rtsv7M4_T_le_eabi.lib : _printfi.c.obj (.text:__TI_printfi)
                  0100128e    00000002     ti_drivers_config.obj (.text:Board_initHook)
                  01001290    000008cc     simplelink.a : driver.obj (.text:_SlDrvMsgRead)
                  01001b5c    000004bc                  : sl_socket.obj (.text:_SlSocketHandleAsync_Select)
                  01002018    00000488     client_cbs.obj (.text:MqttClientCallback)
                  010024a0    0000042c     driverlib.a : prcm.obj (.text:PRCMCC3200MCUInit)
                  010028cc    00000384     simplelink.a : driver.obj (.text:_SlDrvMsgWrite)
                  01002c50    00000320     network_if.obj (.text:Network_IF_ConnectAP)
                  01002f70    000002e8     mqtt_client_app.obj (.text:mainThread)
                  01003258    000002e0     simplelink.a : driver.obj (.text:_SlDrvWaitForPoolObj)
                  01003538    000002d8                  : driver.obj (.text:_SlDrvRxHdrRead)
                  01003810    000002b4                  : sl_socket.obj (.text:sl_Select)
                  01003ac4    00000294                  : driver.obj (.text:_SlDrvReleasePoolObj)
                  01003d58    0000028d     network_if.obj (.text:SimpleLinkSockEventHandler)
                  01003fe5    00000001     --HOLE-- [fill = 0]
                  01003fe6    00000002     drivers_cc32xx.aem4 : UARTCC32XXDMA.oem4 (.text:UARTCC32XXDMA_init)
                  01003fe8    0000027c     simplelink.a : wlan.obj (.text:sl_WlanConnect)
                  01004264    00000268     rtsv7M4_T_le_eabi.lib : _printfi.c.obj (.text:_pconv_a)
                  010044cc    00000264     network_if.obj (.text:Network_IF_InitDriver)
                  01004730    0000025c     simplelink.a : driver.obj (.text:_SlDrvDataReadOp)
                  0100498c    00000234     mqtt_client_app.obj (.text:DisplayAppBanner)
                  01004bc0    00000224     simplelink.a : driver.obj (.text:_SlDrvDriverCBInit)
                  01004de4    00000218                  : driver.obj (.text:_SlDrvDataWriteOp)
                  01004ffc    0000020c     drivers_cc32xx.aem4 : UARTCC32XXDMA.oem4 (.text:UARTCC32XXDMA_open)
                  01005208    000001f4     simplelink.a : driver.obj (.text:_SlDrvMsgReadCmdCtx)
                  010053fc    000001f2                  : netapp.obj (.text:_SlNetAppEventHandler)
                  010055ee    00000002     rtsv7M4_T_le_eabi.lib : _lock.c.obj (.text:_nop)
                  010055f0    000001e1     network_if.obj (.text:SimpleLinkFatalErrorEventHandler)
                  010057d1    00000001     --HOLE-- [fill = 0]
                  010057d2    00000002     rtsv7M4_T_le_eabi.lib : div0.asm.obj (.text)
                  010057d4    000001d8     network_if.obj (.text:SimpleLinkWlanEventHandler)
                  010059ac    000001d4     drivers_cc32xx.aem4 : GPIOCC32XX.oem4 (.text:GPIO_setConfig)
                  01005b80    000001d0                         : SPICC32XXDMA.oem4 (.text:SPICC32XXDMA_transfer)
                  01005d50    000001cc     rtsv7M4_T_le_eabi.lib : _printfi.c.obj (.text:_pconv_g)
                  01005f1c    000001c8     simplelink.a : device.obj (.text:sl_Stop)
                  010060e4    000001b8     mqtt_client_app.obj (.text:MqttClient_start)
                  0100629c    000001b8     drivers_cc32xx.aem4 : SPICC32XXDMA.oem4 (.text:configDMA)
                  01006454    000001b6     rtsv7M4_T_le_eabi.lib : fd_add_t2.asm.obj (.text)
                  0100660a    00000002     release_pem4.oem4 (.text:ti_sysbios_BIOS_nullFunc__I)
                  0100660c    000001b4     simplelink.a : driver.obj (.text:_SlDrvReleaseAllActivePendingPoolObj)
                  010067c0    000001b0     sysbios.aem4 : BIOS.obj (.text:mq_open)
                  01006970    000001ac     simplelink.a : sl_socket.obj (.text:sl_Accept)
                  01006b1c    0000019c     mqtt_client_app.obj (.text:MqttClient)
                  01006cb8    00000198     slnetsock_release.a : slnetsock.oem4 (.text:SlNetSock_select)
                  01006e50    0000018c     simplelink.a : sl_socket.obj (.text:_SlDrvRegisterForSelectAsync)
                  01006fdc    00000184                  : driver.obj (.text:_SlDrvFindAndSetActiveObj)
                  01007160    00000180     network_if.obj (.text:SimpleLinkNetAppEventHandler)
                  010072e0    00000178     simplelink.a : sl_socket.obj (.text:sl_Connect)
                  01007458    00000170                  : netapp.obj (.text:sl_NetAppDnsGetHostByName)
                  010075c8    0000015a     mqtt_release.a : mqtt_net_func.oem4 (.text:createSocket)
                  01007722    00000002     release_pem4.oem4 (.text:xdc_runtime_Startup_reset__I)
                  01007724    00000158     drivers_cc32xx.aem4 : SPICC32XXDMA.oem4 (.text:SPICC32XXDMA_open)
                  0100787c    00000154     mqtt_release.a : mqttclient.oem4 (.text:MQTTClient_connect)
                  010079d0    00000154     simplelink.a : sl_socket.obj (.text:sl_RecvFrom)
                  01007b24    0000014c     dpl_cc32xx.aem4 : PowerCC32XX_tirtos.oem4 (.text:PowerCC32XX_sleepPolicy)
                  01007c70    0000014c     simplelink.a : sl_socket.obj (.text:sl_StartTLS)
                  01007dbc    00000148     drivers_cc32xx.aem4 : PowerCC32XX.oem4 (.text:parkPins)
                  01007f04    00000140     mqtt_client_app.obj (.text:Mqtt_start)
                  01008044    00000140     simplelink.a : driver.obj (.text:_SlDrvMsgReadSpawnCtx)
                  01008184    0000013c                  : driver.obj (.text:_SlDrvDriverCBDeinit)
                  010082c0    0000013c                  : sl_socket.obj (.text:_SlDrvGetNextTimeoutValue)
                  010083fc    0000013c     rtsv7M4_T_le_eabi.lib : _printfi.c.obj (.text:_pconv_e)
                  01008538    00000138     drivers_cc32xx.aem4 : PowerCC32XX.oem4 (.text:Power_sleep)
                  01008670    00000138     simplelink.a : driver.obj (.text:_SlSpawnMsgListInsert)
                  010087a8    00000136     rtsv7M4_T_le_eabi.lib : fd_div_t2.asm.obj (.text)
                  010088de    00000002     --HOLE-- [fill = 0]
                  010088e0    00000134     simplelink.a : sl_socket.obj (.text:_SlSocketHandleAsync_StartTLS)
                  01008a14    00000130     mqtt_client_app.obj (.text:Mqtt_IF_Connect)
                  01008b44    00000004     dpl_cc32xx.aem4 : ClockP_tirtos.oem4 (.text:ClockP_getCpuFreq)
                  01008b48    00000130     sysbios.aem4 : BIOS.obj (.text:ti_sysbios_knl_Semaphore_pend__E)
                  01008c78    00000128     simplelink.a : driver.obj (.text:_SlDrvClassifyRxMsg)
                  01008da0    00000124                  : fs.obj (.text:sl_FsOpen)
                  01008ec4    00000120                  : driver.obj (.text:_SlDrvAsyncEventGenericHandler)
                  01008fe4    00000120     rtsv7M4_T_le_eabi.lib : _printfi.c.obj (.text:fcvt)
                  01009104    00000120     simplelink.a : device.obj (.text:sl_Start)
                  01009224    00000004     dpl_cc32xx.aem4 : ClockP_tirtos.oem4 (.text:ClockP_setTimeout)
                  01009228    00000120     sysbios.aem4 : BIOS.obj (.text:xdc_runtime_Startup_startMods__I)
                  01009348    00000118     simplelink.a : netapp.obj (.text:_SlNetAppHandleAsync_DnsGetHostByService)
                  01009460    00000112     mqtt_release.a : mqtt_common.oem4 (.text:MQTT_PacketRecv)
                  01009572    00000002     --HOLE-- [fill = 0]
                  01009574    00000110     rtsv7M4_T_le_eabi.lib : strtoul.c.obj (.text:strtoul)
                  01009684    00000004     dpl_cc32xx.aem4 : ClockP_tirtos.oem4 (.text:ClockP_start)
                  01009688    00000110     sysbios.aem4 : BIOS.obj (.text:ti_sysbios_knl_Task_postInit__I)
                  01009798    00000108     slnetsock_release.a : slnetutils.oem4 (.text:SlNetUtil_str2BinIpV6)
                  010098a0    00000104     simplelink.a : device.obj (.text:_SlDeviceEventHandler)
                  010099a4    00000104                  : driver.obj (.text:_SlDrvCmdOp)
                  01009aa8    00000104     sysbios.aem4 : BIOS.obj (.text:ti_sysbios_knl_Task_Instance_finalize__E)
                  01009bac    00000100     simplelink.a : driver.obj (.text:_SlDrvObjGlobalLockWaitForever)
                  01009cac    00000100                  : fs.obj (.text:sl_FsWrite)
                  01009dac    000000fc     rtsv7M4_T_le_eabi.lib : fd_mul_t2.asm.obj (.text)
                  01009ea8    000000fc     simplelink.a : sl_socket.obj (.text:sl_Close)
                  01009fa4    000000f8     slnetifwifi.a : slnetifwifi.obj (.text:SlNetIfWifi_loadSecObj)
                  0100a09c    000000f8     drivers_cc32xx.aem4 : UARTCC32XXDMA.oem4 (.text:UARTCC32XXDMA_close)
                  0100a194    00000004     dpl_cc32xx.aem4 : ClockP_tirtos.oem4 (.text:ClockP_stop)
                  0100a198    000000f8     sysbios.aem4 : BIOS.obj (.text:timer_create)
                  0100a290    000000f6     mqtt_release.a : mqtt_net_func.oem4 (.text:MQTTNet_commOpen)
                  0100a386    00000002     --HOLE-- [fill = 0]
                  0100a388    000000f4     simplelink.a : sl_socket.obj (.text:sl_SendTo)
                  0100a47c    000000f2     drivers_cc32xx.aem4 : SPICC32XXDMA.oem4 (.text:SPICC32XXDMA_transferCancel)
                  0100a56e    00000002     --HOLE-- [fill = 0]
                  0100a570    000000f0     sysbios.aem4 : BIOS.obj (.text:pthread_create)
                  0100a660    000000f0                  : BIOS.obj (.text:ti_sysbios_knl_Task_Instance_init__E)
                  0100a750    000000ec                  : BIOS.obj (.text:clock_gettime)
                  0100a83c    000000e8     slnetsock_release.a : slnetif.oem4 (.text:SlNetIf_add)
                  0100a924    000000e8     drivers_cc32xx.aem4 : UARTCC32XXDMA.oem4 (.text:initHw)
                  0100aa0c    00000004     dpl_cc32xx.aem4 : HwiP_tirtos.oem4 (.text:HwiP_clearInterrupt)
                  0100aa10    000000e8     sysbios.aem4 : BIOS.obj (.text:timer_settime)
                  0100aaf8    000000e0     mqtt_release.a : mqttclient.oem4 (.text:MqttClientCtxCreate)
                  0100abd8    000000de                    : client_core.oem4 (.text:connectMsgSend)
                  0100acb6    00000002     --HOLE-- [fill = 0]
                  0100acb8    000000d8     uart_term.obj (.text:GetCmd)
                  0100ad90    000000d8     drivers_cc32xx.aem4 : SPICC32XXDMA.oem4 (.text:SPICC32XXDMA_close)
                  0100ae68    000000d8     simplelink.a : device.obj (.text:_SlDeviceHandleAsync_InitComplete)
                  0100af40    000000d8                  : driver.obj (.text:_SlDrvWaitForInternalAsyncEvent)
                  0100b018    000000d8                  : netapp.obj (.text:_SlNetAppHandleAsync_NetAppReceive)
                  0100b0f0    000000d8     sysbios.aem4 : BIOS.obj (.text:ti_sysbios_knl_Mailbox_Instance_init__E)
                  0100b1c8    000000d0     mqtt_client_app.obj (.text:Mqtt_Stop)
                  0100b298    000000d0     mqtt_client_app.obj (.text:SetClientIdNamefromMacAddress)
                  0100b368    000000d0     simplelink.a : driver.obj (.text:_SlDrvRemoveFromList)
                  0100b438    000000d0     rtsv7M4_T_le_eabi.lib : s_scalbn.c.obj (.text:scalbn)
                  0100b508    000000d0     sysbios.aem4 : BIOS.obj (.text:ti_sysbios_heaps_HeapMem_alloc__E)
                  0100b5d8    000000cc     mqtt_release.a : mqttclient.oem4 (.text:processNotifyAckCB)
                  0100b6a4    000000cc     sysbios.aem4 : m3_Hwi_asm.obj (.text:ti_sysbios_family_arm_m3_Hwi_dispatch__I)
                  0100b770    000000c8     drivers_cc32xx.aem4 : SPICC32XXDMA.oem4 (.text:spiHwiFxn)
                  0100b838    000000c4                         : GPIOCC32XX.oem4 (.text:GPIO_init)
                  0100b8fc    00000004     dpl_cc32xx.aem4 : HwiP_tirtos.oem4 (.text:HwiP_disable)
                  0100b900    000000c4     sysbios.aem4 : BIOS.obj (.text:ti_sysbios_knl_Task_sleep__E)
                  0100b9c4    000000c0     simplelink.a : cc_pal.obj (.text:NwpPowerOff)
                  0100ba84    000000c0     drivers_cc32xx.aem4 : PowerCC32XX.oem4 (.text:restoreParkedPins)
                  0100bb44    000000c0     simplelink.a : netcfg.obj (.text:sl_NetCfgGet)
                  0100bc04    000000bc                  : netapp.obj (.text:_SlNetAppSendResponse)
                  0100bcc0    000000bc     mqtt_release.a : client_core.oem4 (.text:clCtxConnStateTryLocked)
                  0100bd7c    000000bc     simplelink.a : sl_socket.obj (.text:sl_Send)
                  0100be38    000000bc     sysbios.aem4 : BIOS.obj (.text:xdc_runtime_Core_createObject__I)
                  0100bef4    000000b8     drivers_cc32xx.aem4 : UARTCC32XXDMA.oem4 (.text:UARTCC32XXDMA_configDMA)
                  0100bfac    000000b8     simplelink.a : netapp.obj (.text:_SlNetAppHandleAsync_DnsGetHostByName)
                  0100c064    000000b8                  : netapp.obj (.text:_SlNetAppHandleAsync_PingResponse)
                  0100c11c    000000b8                  : device.obj (.text:sl_DeviceGet)
                  0100c1d4    000000b8                  : wlan.obj (.text:sl_WlanGet)
                  0100c28c    00000004     dpl_cc32xx.aem4 : HwiP_tirtos.oem4 (.text:HwiP_disableInterrupt)
                  0100c290    000000b8     sysbios.aem4 : BIOS.obj (.text:ti_sysbios_family_arm_m3_Hwi_Instance_init__E)
                  0100c348    000000b4     mqtt_release.a : mqttclient.oem4 (.text:MqttClient_send)
                  0100c3fc    000000b4     drivers_cc32xx.aem4 : UARTCC32XXDMA.oem4 (.text:UARTCC32XXDMA_hwiIntFxn)
                  0100c4b0    000000b4     simplelink.a : driver.obj (.text:_SlDrvHandleFatalError)
                  0100c564    000000b4                  : netutil.obj (.text:_SlNetUtilHandleAsync_Cmd)
                  0100c618    000000b4                  : sl_socket.obj (.text:sl_GetSockOpt)
                  0100c6cc    000000b1     rtsv7M4_T_le_eabi.lib : _printfi.c.obj (.text:_ltostr)
                  0100c77d    00000003     --HOLE-- [fill = 0]
                  0100c780    000000b0     slnetifwifi.a : slnetifwifi.obj (.text:SlNetIfWifi_getSockOpt)
                  0100c830    000000ae                   : slnetifwifi.obj (.text:matchModeByRole)
                  0100c8de    00000002     --HOLE-- [fill = 0]
                  0100c8e0    000000ac     simplelink.a : sl_socket.obj (.text:_SlSocketHandleAsync_Close)
                  0100c98c    000000ac                  : sl_socket.obj (.text:_SlSocketHandleAsync_Connect)
                  0100ca38    000000aa     uart_term.obj (.text:Report)
                  0100cae2    00000002     --HOLE-- [fill = 0]
                  0100cae4    000000a8     network_if.obj (.text:Network_IF_IpConfigGet)
                  0100cb8c    000000a8     driverlib.a : prcm.obj (.text:PRCMPeripheralClockGet)
                  0100cc34    000000a8     drivers_cc32xx.aem4 : PowerCC32XX.oem4 (.text:PowerCC32XX_configureWakeup)
                  0100ccdc    000000a8     simplelink.a : fs.obj (.text:sl_FsClose)
                  0100cd84    000000a6                  : driver.obj (.text:_SlDrvIsTimeoutExpired)
                  0100ce2a    00000002     --HOLE-- [fill = 0]
                  0100ce2c    000000a4     mqtt_release.a : mqttclient.oem4 (.text:MQTTClient_create)
                  0100ced0    000000a4                    : mqttclient.oem4 (.text:MqttClientConfig)
                  0100cf74    000000a4     simplelink.a : sl_socket.obj (.text:sl_Bind)
                  0100d018    000000a4     sysbios.aem4 : BIOS.obj (.text:ti_sysbios_knl_Task_setPri__E)
                  0100d0bc    000000a0     simplelink.a : fs.obj (.text:FsGetCreateFsMode)
                  0100d15c    000000a0     mqtt_release.a : mqttclient.oem4 (.text:MQTTClient_delete)
                  0100d1fc    000000a0     simplelink.a : sl_socket.obj (.text:_SlDrvUnRegisterForSelectAsync)
                  0100d29c    000000a0                  : driver.obj (.text:_SlSpawnMsgListProcess)
                  0100d33c    000000a0     auto_init.aem4 : auto_init.oem4 (.text)
                  0100d3dc    0000009e     simplelink.a : cc_pal.obj (.text:spi_Read)
                  0100d47a    0000009e                  : cc_pal.obj (.text:spi_Write)
                  0100d518    0000009c     mqtt_release.a : client_core.oem4 (.text:MQTTClientCore_initLib)
                  0100d5b4    0000009c                    : client_core.oem4 (.text:MQTTClientCore_sendPubMsg)
                  0100d650    0000009c                    : client_core.oem4 (.text:_msgDispatch)
                  0100d6ec    00000004     dpl_cc32xx.aem4 : HwiP_tirtos.oem4 (.text:HwiP_enableInterrupt)
                  0100d6f0    0000009c     sysbios.aem4 : BIOS.obj (.text:_pthread_removeThreadKeys)
                  0100d78c    0000009c     rtsv7M4_T_le_eabi.lib : memcpy_t2.asm.obj (.text)
                  0100d828    0000009a     mqtt_release.a : client_core.oem4 (.text:procPubMsgRx)
                  0100d8c2    00000098     uart_term.obj (.text:TrimSpace)
                  0100d95a    00000002     --HOLE-- [fill = 0]
                  0100d95c    00000098     drivers_cc32xx.aem4 : GPIOCC32XX.oem4 (.text:powerNotifyFxn)
                  0100d9f4    00000096     mqtt_release.a : mqtt_net_func.oem4 (.text:MQTTNet_tcpSelect)
                  0100da8a    00000096     rtsv7M4_T_le_eabi.lib : ull_div_t2.asm.obj (.text)
                  0100db20    00000094     simplelink.a : cc_pal.obj (.text:Semaphore_pend_handle)
                  0100dbb4    00000094     drivers_cc32xx.aem4 : SPICC32XXDMA.oem4 (.text:initHw)
                  0100dc48    00000094     sysbios.aem4 : BIOS.obj (.text:ti_sysbios_knl_Task_exit__E)
                  0100dcdc    00000092     slnetsock_release.a : slnetsock.oem4 (.text:SlNetSock_create)
                  0100dd6e    00000002     --HOLE-- [fill = 0]
                  0100dd70    00000090                         : slnetsock.oem4 (.text:SlNetSock_getVirtualSdConf)
                  0100de00    00000090     simplelink.a : device.obj (.text:_SlDeviceHandleAsync_Stop)
                  0100de90    00000090                  : sl_socket.obj (.text:_SlSocketHandleAsync_Accept)
                  0100df20    00000090     mqtt_release.a : mqttclient.oem4 (.text:processPublishRxCB)
                  0100dfb0    00000090     drivers_cc32xx.aem4 : PowerCC32XX.oem4 (.text:restoreNVICRegs)
                  0100e040    00000090     sysbios.aem4 : BIOS.obj (.text:ti_sysbios_knl_Task_Module_startup__E)
                  0100e0d0    0000008d     mqtt_client_app.obj (.text:DisplayBanner)
                  0100e15d    00000003     --HOLE-- [fill = 0]
                  0100e160    0000008c     mqtt_release.a : client_core.oem4 (.text:MQTTClientCore_createCtx)
                  0100e1ec    0000008c     slnetsock_release.a : slnetsock.oem4 (.text:SlNetSock_accept)
                  0100e278    0000008c     drivers_cc32xx.aem4 : UARTCC32XXDMA.oem4 (.text:UARTCC32XXDMA_write)
                  0100e304    0000008c     simplelink.a : driver.obj (.text:_SlDrvDriverIsApiAllowed)
                  0100e390    0000008c                  : sl_socket.obj (.text:sl_Recv)
                  0100e41c    00000004     drivers_cc32xx.aem4 : SPICC32XXDMA.oem4 (.text:SPICC32XXDMA_init)
                  0100e420    0000008c     sysbios.aem4 : BIOS.obj (.text:xdc_runtime_Memory_alloc__E)
                  0100e4ac    00000088     driverlib.a : pin.obj (.text:PinConfigSet)
                  0100e534    00000088     simplelink.a : driver.obj (.text:_SlDrvProtectAsyncRespSetting)
                  0100e5bc    00000088     mqtt_release.a : client_core.oem4 (.text:procConnackRx)
                  0100e644    00000088     simplelink.a : eventreg.obj (.text:sl_UnregisterLibsEventHandler)
                  0100e6cc    00000004     dpl_cc32xx.aem4 : SemaphoreP_tirtos.oem4 (.text:SemaphoreP_post)
                  0100e6d0    00000088     sysbios.aem4 : BIOS.obj (.text:ti_sysbios_family_arm_m3_Hwi_initNVIC__E)
                  0100e758    00000088                  : BIOS.obj (.text:ti_sysbios_knl_Mailbox_post__E)
                  0100e7e0    00000088     mqtt_release.a : client_core.oem4 (.text:wrConnectPayload)
                  0100e868    00000086     rtsv7M4_T_le_eabi.lib : fd_cmp_t2.asm.obj (.text:__aeabi_cdcmple)
                  0100e8ee    00000086                           : fd_cmp_t2.asm.obj (.text:__aeabi_cdrcmple)
                  0100e974    00000004     slnetsock_release.a : slnetif.oem4 (.text:SlNetIf_init)
                  0100e978    00000086     sysbios.aem4 : BIOS.obj (.text:xdc_runtime_Core_constructObject__I)
                  0100e9fe    00000002     --HOLE-- [fill = 0]
                  0100ea00    00000084     mqtt_client_app.obj (.text:MqttClientThread)
                  0100ea84    00000084     drivers_cc32xx.aem4 : PowerCC32XX.oem4 (.text:Power_init)
                  0100eb08    00000084     slnetifwifi.a : slnetifwifi.obj (.text:SlNetIfWifi_sockstartSec)
                  0100eb8c    00000084     slnetsock_release.a : slnetutils.oem4 (.text:SlNetUtil_getHostByName)
                  0100ec10    00000084     mqtt_release.a : client_core.oem4 (.text:mqpSetupProcCtxDataRecv)
                  0100ec94    00000084     drivers_cc32xx.aem4 : PowerCC32XX.oem4 (.text:saveNVICRegs)
                  0100ed18    00000084     simplelink.a : sl_socket.obj (.text:sl_SetSockOpt)
                  0100ed9c    00000004     slnetsock_release.a : slnetutils.oem4 (.text:SlNetUtil_init)
                  0100eda0    00000084     sysbios.aem4 : BIOS.obj (.text:ti_sysbios_family_arm_m3_Hwi_postInit__I)
                  0100ee24    00000004     mqtt_release.a : mqttclient.oem4 (.text:mutexLockup)
                  0100ee28    00000084     sysbios.aem4 : BIOS.obj (.text:ti_sysbios_heaps_HeapMem_free__E)
                  0100eeac    00000080     drivers_cc32xx.aem4 : PowerCC32XX.oem4 (.text:Power_setDependency)
                  0100ef2c    00000080                         : UARTCC32XXDMA.oem4 (.text:UARTCC32XXDMA_read)
                  0100efac    00000080     mqtt_release.a : client_core.oem4 (.text:clCtxPartSend)
                  0100f02c    00000080     simplelink.a : device.obj (.text:sl_DeviceSet)
                  0100f0ac    00000004     mqtt_release.a : mqttclient.oem4 (.text:mutexUnlock)
                  0100f0b0    00000080     sysbios.aem4 : BIOS.obj (.text:ti_sysbios_knl_Clock_workFunc__E)
                  0100f130    0000007c     drivers_cc32xx.aem4 : UDMACC32XX.oem4 (.text:UDMACC32XX_open)
                  0100f1ac    00000004     release_pem4.oem4 (.text:ti_sysbios_BIOS_RtsGateProxy_enter__E)
                  0100f1b0    0000007c     sysbios.aem4 : BIOS.obj (.text:_pthread_abstime2ticks)
                  0100f22c    0000007c     mqtt_release.a : client_core.oem4 (.text:procCtxDataRecv)
                  0100f2a8    0000007a     drivers_cc32xx.aem4 : UARTCC32XXDMA.oem4 (.text:UARTCC32XXDMA_readPolling)
                  0100f322    0000007a     rtsv7M4_T_le_eabi.lib : memset_t2.asm.obj (.text)
                  0100f39c    00000078     drivers_cc32xx.aem4 : GPIOCC32XX.oem4 (.text:GPIO_hwiIntFxn)
                  0100f414    00000078     mqtt_release.a : mqtt_net_func.oem4 (.text:MQTTNet_recvFrom)
                  0100f48c    00000078     mqtt_client_app.obj (.text:pushButtonInterruptHandler3)
                  0100f504    00000078     simplelink.a : sl_socket.obj (.text:sl_Socket)
                  0100f57c    00000074     mqtt_release.a : mqtt_net_func.oem4 (.text:MQTTNet_tcpAccept)
                  0100f5f0    00000074     slnetsock_release.a : slnetsock.oem4 (.text:SlNetSock_AllocVirtualSocket)
                  0100f664    00000074     mqtt_release.a : client_core.oem4 (.text:groupCtxsRxPrep)
                  0100f6d8    00000074     sysbios.aem4 : BIOS.obj (.text:ti_sysbios_knl_Mailbox_pend__E)
                  0100f74c    00000004     release_pem4.oem4 (.text:ti_sysbios_BIOS_RtsGateProxy_leave__E)
                  0100f750    00000074     sysbios.aem4 : BIOS.obj (.text:xdc_runtime_Core_deleteObject__I)
                  0100f7c4    00000072     mqtt_release.a : mqtt_common.oem4 (.text:MQTT_packetProcPubRx)
                  0100f836    00000002     --HOLE-- [fill = 0]
                  0100f838    00000070     simplelink.a : driver.obj (.text:_SlDrvCmdSend_noLock)
                  0100f8a8    00000070     sysbios.aem4 : BIOS.obj (.text:acquireMutexNone$45)
                  0100f918    00000070                  : BIOS.obj (.text:ti_sysbios_heaps_HeapMem_initPrimary__I)
                  0100f988    00000070                  : BIOS.obj (.text:ti_sysbios_knl_Mailbox_Instance_finalize__E)
                  0100f9f8    0000006e     rtsv7M4_T_le_eabi.lib : _printfi.c.obj (.text:_mcpy)
                  0100fa66    00000002     --HOLE-- [fill = 0]
                  0100fa68    0000006c     mqtt_release.a : mqttclient.oem4 (.text:MQTTClient_run)
                  0100fad4    0000006c     slnetsock_release.a : slnetutils.oem4 (.text:SlNetUtil_str2BinIpV4)
                  0100fb40    0000006c     simplelink.a : device.obj (.text:_SlDeviceHandleResetRequestInternally)
                  0100fbac    0000006c                  : sl_socket.obj (.text:_SlDrvOpenCtrlSocket)
                  0100fc18    0000006c                  : netapp.obj (.text:_SlNetAppSendTokenValue)
                  0100fc84    00000004     release_pem4.oem4 (.text:ti_sysbios_family_arm_m3_Hwi_delete)
                  0100fc88    0000006c     sysbios.aem4 : BIOS.obj (.text:pthread_cancel)
                  0100fcf4    00000004     release_pem4.oem4 (.text:ti_sysbios_family_arm_m3_TaskSupport_Module__startupDone__S)
                  0100fcf8    0000006c     sysbios.aem4 : BIOS.obj (.text:ti_sysbios_knl_Swi_restoreHwi__E)
                  0100fd64    0000006a     mqtt_release.a : mqtt_net_func.oem4 (.text:MQTTNet_sendTo)
                  0100fdce    00000068                    : mqtt_common.oem4 (.text:MQTT_qos2PubCqUnlog)
                  0100fe36    00000002     --HOLE-- [fill = 0]
                  0100fe38    00000068     simplelink.a : driver.obj (.text:_SlSpawnMsgListGetCount)
                  0100fea0    00000068     rtsv7M4_T_le_eabi.lib : copy_decompress_lzss.c.obj (.text:decompress:lzss:__TI_decompress_lzss)
                  0100ff08    00000068     main_tirtos.obj (.text:main)
                  0100ff70    00000068     sysbios.aem4 : BIOS.obj (.text:pthread_exit)
                  0100ffd8    00000068     simplelink.a : cc_pal.obj (.text:spi_Open)
                  01010040    00000064     mqtt_release.a : mqtt_common.oem4 (.text:MQTT_packetPubAppendTopic)
                  010100a4    00000064     drivers_cc32xx.aem4 : PowerCC32XX.oem4 (.text:PowerCC32XX_setParkState)
                  01010108    00000064     mqtt_release.a : client_core.oem4 (.text:clientReset)
                  0101016c    00000064                    : client_core.oem4 (.text:doNetClose)
                  010101d0    00000064     sysbios.aem4 : BIOS.obj (.text:ti_sysbios_family_arm_m3_Hwi_dispatchC__I)
                  01010234    00000060     driverlib.a : prcm.obj (.text:PRCMSysResetCauseGet)
                  01010294    00000060     slnetsock_release.a : slnetsock.oem4 (.text:SlNetSock_recvFrom)
                  010102f4    00000060                         : slnetsock.oem4 (.text:SlNetSock_sendTo)
                  01010354    00000060     drivers_cc32xx.aem4 : UARTCC32XXDMA.oem4 (.text:UARTCC32XXDMA_control)
                  010103b4    00000004     release_pem4.oem4 (.text:ti_sysbios_heaps_HeapMem_Module_GateProxy_enter__E)
                  010103b8    00000060     sysbios.aem4 : BIOS.obj (.text:ti_sysbios_knl_Semaphore_post__E)
                  01010418    00000060                  : BIOS.obj (.text:ti_sysbios_knl_Swi_run__I)
                  01010478    0000005e     slnetifwifi.a : slnetifwifi.obj (.text:SlNetIfWifi_setSockOpt)
                  010104d6    00000002     --HOLE-- [fill = 0]
                  010104d8    0000005c     drivers_cc32xx.aem4 : GPIOCC32XX.oem4 (.text:GPIO_setCallback)
                  01010534    0000005c     mqtt_release.a : client_core.oem4 (.text:MQTTClientCore_exitLib)
                  01010590    0000005c                    : mqtt_net_func.oem4 (.text:MQTTNet_tcpListen)
                  010105ec    0000005c     simplelink.a : spawn.obj (.text:_SlInternalSpawn)
                  01010648    0000005c     rtsv7M4_T_le_eabi.lib : s_frexp.c.obj (.text:frexp)
                  010106a4    00000004     release_pem4.oem4 (.text:ti_sysbios_heaps_HeapMem_Module_GateProxy_leave__E)
                  010106a8    0000005c     sysbios.aem4 : BIOS.obj (.text:ti_sysbios_family_arm_m3_Timer_start__E)
                  01010704    00000004     release_pem4.oem4 (.text:ti_sysbios_knl_Clock_TimerProxy_getMaxTicks__E)
                  01010708    0000005c     sysbios.aem4 : BIOS.obj (.text:ti_sysbios_knl_Swi_schedule__I)
                  01010764    00000004     release_pem4.oem4 (.text:ti_sysbios_knl_Clock_TimerProxy_setPeriodMicroSecs__E)
                  01010768    0000005c     sysbios.aem4 : BIOS.obj (.text:ti_sysbios_knl_Task_startCore__E)
                  010107c4    00000004     release_pem4.oem4 (.text:ti_sysbios_knl_Clock_TimerProxy_start__E)
                  010107c8    0000005c     sysbios.aem4 : BIOS.obj (.text:xdc_runtime_Startup_exec__E)
                  01010824    00000004     release_pem4.oem4 (.text:ti_sysbios_knl_Clock_TimerProxy_stop__E)
                  01010828    0000005a     sysbios.aem4 : BIOS.obj (.text:mq_timedsend)
                  01010882    00000002     --HOLE-- [fill = 0]
                  01010884    00000058     drivers_cc32xx.aem4 : GPIOCC32XX.oem4 (.text:GPIO_write)
                  010108dc    00000058     driverlib.a : prcm.obj (.text:PRCMPeripheralReset)
                  01010934    00000058     drivers_cc32xx.aem4 : PowerCC32XX.oem4 (.text:Power_releaseDependency)
                  0101098c    00000058     slnetsock_release.a : slnetsock.oem4 (.text:SlNetSock_recv)
                  010109e4    00000058                         : slnetsock.oem4 (.text:SlNetSock_send)
                  01010a3c    00000058     simplelink.a : sl_socket.obj (.text:_SlDrvClearCtrlSocket)
                  01010a94    00000058     mqtt_release.a : client_core.oem4 (.text:clRecv)
                  01010aec    00000004     release_pem4.oem4 (.text:ti_sysbios_knl_Clock_delete)
                  01010af0    00000058     sysbios.aem4 : BIOS.obj (.text:pthread_mutex_init)
                  01010b48    00000058     mqtt_release.a : client_core.oem4 (.text:singleCtxKaSequence)
                  01010ba0    00000058     simplelink.a : sl_socket.obj (.text:sl_Listen)
                  01010bf8    00000058                  : eventreg.obj (.text:sl_RegisterLibsEventHandler)
                  01010c50    00000058     sysbios.aem4 : BIOS.obj (.text:ti_sysbios_family_arm_cc32xx_Seconds_getCount__I)
                  01010ca8    00000056     mqtt_release.a : mqtt_common.oem4 (.text:MQTT_packetPubAppendData)
                  01010cfe    00000056     rtsv7M4_T_le_eabi.lib : _printfi.c.obj (.text:_pconv_f)
                  01010d54    00000056     mqtt_release.a : client_core.oem4 (.text:procAckMsgRx)
                  01010daa    00000002     --HOLE-- [fill = 0]
                  01010dac    00000054     uart_term.obj (.text:InitTerm)
                  01010e00    00000054     mqtt_release.a : client_core.oem4 (.text:MQTTClientCore_deleteCtx)
                  01010e54    00000054                    : client_core.oem4 (.text:MQTTClientCore_sendDisconn)
                  01010ea8    00000054     simplelink.a : driver.obj (.text:_SlDrvRxIrqHandler)
                  01010efc    00000054     mqtt_release.a : client_core.oem4 (.text:grpNetSetupCreate)
                  01010f50    00000054     rtsv7M4_T_le_eabi.lib : ltoa.c.obj (.text:ltoa)
                  01010fa4    00000004     release_pem4.oem4 (.text:ti_sysbios_knl_Semaphore_delete)
                  01010fa8    00000054     sysbios.aem4 : BIOS.obj (.text:mq_close)
                  01010ffc    00000004     release_pem4.oem4 (.text:ti_sysbios_knl_Task_delete)
                  01011000    00000054     sysbios.aem4 : BIOS.obj (.text:ti_sysbios_family_arm_cc32xx_Seconds_getTime__E)
                  01011054    00000054     release_pem4.oem4 (.text:ti_sysbios_family_arm_m3_Hwi_create)
                  010110a8    00000054     sysbios.aem4 : BIOS.obj (.text:ti_sysbios_family_arm_m3_Timer_setPeriod__E)
                  010110fc    00000054     release_pem4.oem4 (.text:ti_sysbios_knl_Mailbox_create)
                  01011150    00000054     sysbios.aem4 : BIOS.obj (.text:timer_gettime)
                  010111a4    00000052     drivers_cc32xx.aem4 : PowerCC32XX_asm.oem4 (.text:PowerCC32XX_resumeLPDS)
                  010111f6    00000052     rtsv7M4_T_le_eabi.lib : _printfi.c.obj (.text:_ecpy)
                  01011248    00000050     dpl_cc32xx.aem4 : ClockP_tirtos.oem4 (.text:ClockP_create)
                  01011298    00000050     simplelink.a : cc_pal.obj (.text:NwpRegisterInterruptHandler)
                  010112e8    00000050     slnetsock_release.a : slnetif.oem4 (.text:SlNetIf_queryIf)
                  01011338    00000050     drivers_cc32xx.aem4 : UARTCC32XXDMA.oem4 (.text:UARTCC32XXDMA_writePolling)
                  01011388    00000050     simplelink.a : sl_socket.obj (.text:_SlDrvCloseCtrlSocket)
                  010113d8    00000050                  : driver.obj (.text:_SlDrvCmdSend_noWait)
                  01011428    00000050                  : driver.obj (.text:_SlDrvUpdateApiInProgress)
                  01011478    00000050                  : spawn.obj (.text:_SlInternalSpawnTaskEntry)
                  010114c8    00000050                  : eventreg.obj (.text:_SlNetAppHttpServerHdlr)
                  01011518    00000050                  : eventreg.obj (.text:_SlNetAppRequestHdlr)
                  01011568    00000050     mqtt_release.a : client_core.oem4 (.text:_procAckMsgRx)
                  010115b8    00000050     sysbios.aem4 : BIOS.obj (.text:ti_sysbios_family_arm_m3_Hwi_Module_startup__E)
                  01011608    00000050                  : BIOS.obj (.text:ti_sysbios_knl_Clock_Instance_init__E)
                  01011658    00000050     release_pem4.oem4 (.text:ti_sysbios_knl_Task_create)
                  010116a8    0000004e     mqtt_release.a : client_core.oem4 (.text:MQTTClientCore_registerWillInfo)
                  010116f6    0000004e     drivers_cc32xx.aem4 : UARTCC32XXDMA.oem4 (.text:writeCancel)
                  01011744    0000004c                         : GPIOCC32XX.oem4 (.text:GPIO_disableInt)
                  01011790    0000004c                         : GPIOCC32XX.oem4 (.text:GPIO_enableInt)
                  010117dc    0000004c     simplelink.a : cc_pal.obj (.text:NwpWaitForShutDownInd)
                  01011828    0000004c     drivers_cc32xx.aem4 : PowerCC32XX.oem4 (.text:PowerCC32XX_parkPin)
                  01011874    0000004c     slnetifwifi.a : slnetifwifi.obj (.text:SlNetIfWifi_getConnectionStatus)
                  010118c0    0000004c     slnetsock_release.a : slnetsock.oem4 (.text:SlNetSock_freeVirtualSocket)
                  0101190c    0000004c                         : slnetsock.oem4 (.text:SlNetSock_startSec)
                  01011958    0000004c     mqtt_release.a : client_core.oem4 (.text:ack1WlMqpDispatch)
                  010119a4    0000004c     rtsv7M4_T_le_eabi.lib : atoi.c.obj (.text:atoi)
                  010119f0    0000004c                           : cpy_tbl.c.obj (.text:copy_in)
                  01011a3c    0000004c     mqtt_release.a : client_core.oem4 (.text:loopbTrigger)
                  01011a88    0000004c     drivers_cc32xx.aem4 : PowerCC32XX.oem4 (.text:restorePeriphClocks)
                  01011ad4    0000004c     mqtt_release.a : client_core.oem4 (.text:singleCtxRxPrep)
                  01011b20    0000004c     simplelink.a : wlan.obj (.text:sl_WlanSetMode)
                  01011b6c    0000004c     sysbios.aem4 : m3_TaskSupport_asm.obj (.text:ti_sysbios_family_arm_m3_TaskSupport_buildTaskStack)
                  01011bb8    0000004c                  : BIOS.obj (.text:ti_sysbios_heaps_HeapMem_getStats__E)
                  01011c04    00000004     release_pem4.oem4 (.text:xdc_runtime_System_Module_GateProxy_enter__E)
                  01011c08    0000004c     sysbios.aem4 : BIOS.obj (.text:ti_sysbios_knl_Swi_runLoop__I)
                  01011c54    00000004     release_pem4.oem4 (.text:xdc_runtime_System_Module_GateProxy_leave__E)
                  01011c58    0000004c     sysbios.aem4 : BIOS.obj (.text:ti_sysbios_knl_Task_allBlockedFunction__I)
                  01011ca4    00000004     --HOLE-- [fill = 0]
                  01011ca8    0000004c                  : BIOS.obj (.text:ti_sysbios_knl_Task_schedule__I)
                  01011cf4    0000004a     mqtt_release.a : client_core.oem4 (.text:clCtxRecv)
                  01011d3e    0000004a     drivers_cc32xx.aem4 : UARTCC32XXDMA.oem4 (.text:readCancel)
                  01011d88    00000048     driverlib.a : flash.obj (.text:FlashDisable)
                  01011dd0    00000048     mqtt_client_app.obj (.text:LedTimerConfigNStart)
                  01011e18    00000048     mqtt_release.a : mqttclient.oem4 (.text:MQTTClient_set)
                  01011e60    00000048     mqtt_client_app.obj (.text:MQTT_SendMsgToQueue)
                  01011ea8    00000048     driverlib.a : prcm.obj (.text:PRCMLPDSEnter)
                  01011ef0    00000048                 : prcm.obj (.text:PRCMPeripheralClkEnable)
                  01011f38    00000048     drivers_cc32xx.aem4 : PowerCC32XX.oem4 (.text:Power_releaseConstraint)
                  01011f80    00000048     slnetsock_release.a : slnetsock.oem4 (.text:SlNetSock_connect)
                  01011fc8    00000048                         : slnetsock.oem4 (.text:SlNetSock_init)
                  01012010    00000048                         : slnetsock.oem4 (.text:SlNetSock_setOpt)
                  01012058    00000048     simplelink.a : eventreg.obj (.text:_SlDeviceFatalErrorEvtHdlr)
                  010120a0    00000048                  : eventreg.obj (.text:_SlDeviceGeneralEvtHdlr)
                  010120e8    00000048                  : driver.obj (.text:_SlDrvBasicCmd)
                  01012130    00000048                  : driver.obj (.text:_SlDrvSyncObjWaitTimeout)
                  01012178    00000048                  : eventreg.obj (.text:_SlNetAppEvtHdlr)
                  010121c0    00000048                  : eventreg.obj (.text:_SlNetAppRequestMemFree)
                  01012208    00000048                  : eventreg.obj (.text:_SlSockEvtHdlr)
                  01012250    00000048                  : eventreg.obj (.text:_SlWlanEvtHdlr)
                  01012298    00000048     mqtt_release.a : client_core.oem4 (.text:clCtxSetup)
                  010122e0    00000048     rtsv7M4_T_le_eabi.lib : fd_toi_t2.asm.obj (.text)
                  01012328    00000048     mqtt_client_app.obj (.text:setTime)
                  01012370    00000048     sysbios.aem4 : BIOS.obj (.text:ti_sysbios_family_arm_m3_Hwi_disableInterrupt__E)
                  010123b8    00000048                  : BIOS.obj (.text:ti_sysbios_family_arm_m3_Hwi_enableInterrupt__E)
                  01012400    00000048                  : m3_Hwi_asm_switch.obj (.text:ti_sysbios_family_arm_m3_Hwi_initStacks__E)
                  01012448    00000048                  : BIOS.obj (.text:ti_sysbios_family_arm_m3_Timer_initDevice__I)
                  01012490    00000048                  : BIOS.obj (.text:ti_sysbios_knl_Mailbox_Module_startup__E)
                  010124d8    00000048     mqtt_release.a : client_core.oem4 (.text:wrConnectVh)
                  01012520    00000048     sysbios.aem4 : BIOS.obj (.text:xdc_runtime_Core_assignParams__I)
                  01012568    00000044     mqtt_release.a : client_core.oem4 (.text:MQTTClientCore_run)
                  010125ac    00000044                    : mqtt_net_func.oem4 (.text:MQTTNet_tcpRecv)
                  010125f0    00000044                    : mqttclient.oem4 (.text:MqttClientCtxDelete)
                  01012634    00000044     driverlib.a : prcm.obj (.text:PRCMLPDSRestoreInfoSet)
                  01012678    00000044     drivers_cc32xx.aem4 : PowerCC32XX_asm.oem4 (.text:PowerCC32XX_enterLPDS)
                  010126bc    00000044                         : SPI.oem4 (.text:SPI_init)
                  01012700    00000044     slnetsock_release.a : slnetutils.oem4 (.text:SlNetUtil_strTok)
                  01012744    00000044     drivers_cc32xx.aem4 : UART.oem4 (.text:UART_init)
                  01012788    00000044     boot.aem4 : boot.oem4 (.text)
                  010127cc    00000004     --HOLE-- [fill = 0]
                  010127d0    00000044     sysbios.aem4 : BIOS.obj (.text:ti_sysbios_family_arm_m3_Hwi_getStackInfo__E)
                  01012814    00000004     --HOLE-- [fill = 0]
                  01012818    00000044                  : BIOS.obj (.text:ti_sysbios_knl_Mailbox_postInit__I)
                  0101285c    00000004     --HOLE-- [fill = 0]
                  01012860    00000044                  : BIOS.obj (.text:ti_sysbios_knl_Swi_post__E)
                  010128a4    00000044     mqtt_release.a : client_core.oem4 (.text:vhMsgSend)
                  010128e8    00000044     sysbios.aem4 : BIOS.obj (.text:xdc_runtime_System_atexit__E)
                  0101292c    00000042     mqtt_release.a : mqtt_common.oem4 (.text:MQTT_packetBufRdRemlen)
                  0101296e    00000040     simplelink.a : sl_socket.obj (.text:CountSetBits)
                  010129ae    00000002     --HOLE-- [fill = 0]
                  010129b0    00000040     dpl_cc32xx.aem4 : HwiP_tirtos.oem4 (.text:HwiP_create)
                  010129f0    00000040     network_if.obj (.text:InitializeAppVariables)
                  01012a30    00000040     mqtt_release.a : client_core.oem4 (.text:MQTTClientCore_registerCtxInfo)
                  01012a70    00000040     driverlib.a : pin.obj (.text:PinModeSet)
                  01012ab0    00000040     drivers_cc32xx.aem4 : SPI.oem4 (.text:SPI_open)
                  01012af0    00000040     network_if.obj (.text:SimpleLinkGeneralEventHandler)
                  01012b30    00000040     slnetsock_release.a : slnetsock.oem4 (.text:SlNetSock_bind)
                  01012b70    00000040                         : slnetsock.oem4 (.text:SlNetSock_secAttribSet)
                  01012bb0    00000040     drivers_cc32xx.aem4 : UART.oem4 (.text:UART_open)
                  01012bf0    00000040                         : UDMACC32XX.oem4 (.text:UDMACC32XX_init)
                  01012c30    00000040     simplelink.a : driver.obj (.text:_SlDrvGlobalObjUnLock)
                  01012c70    00000040                  : driver.obj (.text:_SlFindAndReleasePendingCmd)
                  01012cb0    00000040                  : spawn.obj (.text:_SlInternalSpawnWaitForEvent)
                  01012cf0    00000040                  : eventreg.obj (.text:_SlIsEventRegistered)
                  01012d30    00000040     mqtt_release.a : mqttclient.oem4 (.text:_sl_ExtLib_ServerAckLockedWait)
                  01012d70    00000040     sysbios.aem4 : BIOS.obj (.text:mq_receive)
                  01012db0    00000040     mqtt_release.a : client_core.oem4 (.text:netConnect)
                  01012df0    00000040     mqtt_client_app.obj (.text:pushButtonInterruptHandler2)
                  01012e30    00000040     sysbios.aem4 : BIOS.obj (.text:ti_sysbios_heaps_HeapMem_Instance_init__E)
                  01012e70    00000040     rtsv7M4_T_le_eabi.lib : vsnprintf.c.obj (.text:vsnprintf)
                  01012eb0    0000003e     mqtt_release.a : mqtt_common.oem4 (.text:MQTT_packetAckWlistRemove)
                  01012eee    0000003e                    : mqtt_common.oem4 (.text:MQTT_packetBufTailWrRemlen)
                  01012f2c    0000003e     slnetsock_release.a : slnetsock.oem4 (.text:SlNetSock_close)
                  01012f6a    0000003e     simplelink.a : sl_socket.obj (.text:_SlSocketBuildAddress)
                  01012fa8    0000003e     rtsv7M4_T_le_eabi.lib : _printfi.c.obj (.text:_fcpy)
                  01012fe6    0000003e     mqtt_release.a : client_core.oem4 (.text:clCtxSeg1Send)
                  01013024    0000003e                    : client_core.oem4 (.text:procPingrspRx)
                  01013062    0000003e     release_pem4.oem4 (.text:realloc)
                  010130a0    0000003e     sysbios.aem4 : BIOS.obj (.text:sem_timedwait)
                  010130de    00000002     --HOLE-- [fill = 0]
                  010130e0    0000003c     mqtt_release.a : client_core.oem4 (.text:MQTTClientCore_registerBuffers)
                  0101311c    0000003c                    : mqttclient.oem4 (.text:MQTTClient_disconnect)
                  01013158    0000003c                    : mqtt_common.oem4 (.text:MQTT_qos2PubCqCheck)
                  01013194    0000003c     network_if.obj (.text:Network_IF_DisconnectFromAP)
                  010131d0    0000003c     drivers_cc32xx.aem4 : PowerCC32XX.oem4 (.text:Power_setConstraint)
                  0101320c    0000003c     dpl_cc32xx.aem4 : SemaphoreP_tirtos.oem4 (.text:SemaphoreP_create)
                  01013248    0000003c     simplelink.a : netapp.obj (.text:_SlNetAppCopyPingResultsToReport)
                  01013284    0000003c     mqtt_release.a : mqttclient.oem4 (.text:processDisconnCB)
                  010132c0    0000003c     sysbios.aem4 : BIOS.obj (.text:pthread_mutex_unlock)
                  010132fc    0000003c     mqtt_release.a : client_core.oem4 (.text:singleCtxRxPrepLocked)
                  01013338    0000003c     sysbios.aem4 : BIOS.obj (.text:sleep)
                  01013374    00000004     --HOLE-- [fill = 0]
                  01013378    0000003c                  : BIOS.obj (.text:ti_sysbios_family_arm_m3_Hwi_Instance_finalize__E)
                  010133b4    00000004     --HOLE-- [fill = 0]
                  010133b8    0000003c                  : BIOS.obj (.text:ti_sysbios_family_arm_m3_Timer_setPeriodMicroSecs__E)
                  010133f4    0000003c     release_pem4.oem4 (.text:ti_sysbios_knl_Clock_create)
                  01013430    0000003c     sysbios.aem4 : BIOS.obj (.text:ti_sysbios_knl_Clock_walkQueuePeriodic__E)
                  0101346c    00000004     --HOLE-- [fill = 0]
                  01013470    0000003c                  : BIOS.obj (.text:ti_sysbios_knl_Swi_restore__E)
                  010134ac    00000004     --HOLE-- [fill = 0]
                  010134b0    0000003c                  : BIOS.obj (.text:timer_delete)
                  010134ec    0000003c     simplelink.a : sl_socket.obj (.text:to_mSec)
                  01013528    0000003c     sysbios.aem4 : BIOS.obj (.text:usleep)
                  01013564    00000004     --HOLE-- [fill = 0]
                  01013568    0000003c                  : BIOS.obj (.text:xdc_runtime_System_processAtExit__E)
                  010135a4    0000003a     slnetifwifi.a : slnetifwifi.obj (.text:SlNetIfWifi_getIPAddr)
                  010135de    0000003a     dpl_cc32xx.aem4 : PowerCC32XX_tirtos.oem4 (.text:getCountsRTC)
                  01013618    0000003a     mqtt_release.a : mqtt_common.oem4 (.text:mqpProcVhMsgIdRx)
                  01013652    00000002     --HOLE-- [fill = 0]
                  01013654    00000038                    : client_core.oem4 (.text:MQTTClientCore_registerNetSvc)
                  0101368c    00000038                    : mqtt_common.oem4 (.text:MQTT_qos2PubCqLogup)
                  010136c4    00000038     driverlib.a : prcm.obj (.text:PRCMLPDSEnterKeepDebugIf)
                  010136fc    00000038     slnetifwifi.a : slnetifwifi.obj (.text:SlNetIfWifi_recvFrom)
                  01013734    00000038                   : slnetifwifi.obj (.text:SlNetIfWifi_sendTo)
                  0101376c    00000038                   : slnetifwifi.obj (.text:SlNetIfWifi_socket)
                  010137a4    00000038     slnetsock_release.a : slnetif.oem4 (.text:SlNetIf_configCheck)
                  010137dc    00000038                         : slnetsock.oem4 (.text:SlNetSock_listen)
                  01013814    00000038                         : slnetutils.oem4 (.text:SlNetUtil_htonl)
                  0101384c    00000038     mqtt_release.a : client_core.oem4 (.text:mqpAllocAtomic)
                  01013884    00000038                    : client_core.oem4 (.text:netRecv)
                  010138bc    00000038     drivers_cc32xx.aem4 : PowerCC32XX.oem4 (.text:notify)
                  010138f4    00000038                         : UARTCC32XXDMA.oem4 (.text:startTxFifoEmptyClk)
                  0101392c    00000004     --HOLE-- [fill = 0]
                  01013930    00000038     sysbios.aem4 : BIOS.obj (.text:ti_sysbios_knl_Task_processVitalTaskFlag__I)
                  01013968    00000036     mqtt_release.a : mqtt_common.oem4 (.text:MQTT_packetPrepFh)
                  0101399e    00000036     slnetifwifi.a : slnetifwifi.obj (.text:SlNetIfWifi_getHostByName)
                  010139d4    00000036                   : slnetifwifi.obj (.text:SlNetIfWifi_select)
                  01013a0a    00000036     mqtt_release.a : client_core.oem4 (.text:_procPubRecRx)
                  01013a40    00000036     rtsv7M4_T_le_eabi.lib : strncpy.c.obj (.text:strncpy)
                  01013a76    00000002     --HOLE-- [fill = 0]
                  01013a78    00000034     driverlib.a : pin.obj (.text:PinModeGet)
                  01013aac    00000034     drivers_cc32xx.aem4 : PowerCC32XX.oem4 (.text:PowerCC32XX_restoreParkState)
                  01013ae0    00000034     slnetsock_release.a : slnetutils.oem4 (.text:SlNetUtil_htons)
                  01013b14    00000034     drivers_cc32xx.aem4 : UDMACC32XX.oem4 (.text:UDMACC32XX_close)
                  01013b48    00000034     sysbios.aem4 : BIOS.obj (.text:_pthread_delete$41)
                  01013b7c    00000034     mqtt_release.a : client_core.oem4 (.text:groupCtxsKaSequence)
                  01013bb0    00000034                    : client_core.oem4 (.text:mqpFreeLocked)
                  01013be4    00000034                    : client_core.oem4 (.text:procLoopbackRecv)
                  01013c18    00000034     sysbios.aem4 : BIOS.obj (.text:ti_sysbios_family_arm_m3_Timer_periodicStub__I)
                  01013c4c    00000034     release_pem4.oem4 (.text:ti_sysbios_knl_Semaphore_create)
                  01013c80    00000034     drivers_cc32xx.aem4 : UARTCC32XXDMA.oem4 (.text:writeFinishedDoCallback)
                  01013cb4    00000032     mqtt_release.a : mqtt_common.oem4 (.text:MQTT_clCtxTimeoutInsert)
                  01013ce6    00000032                    : client_core.oem4 (.text:connectedStateRx)
                  01013d18    00000032     sysbios.aem4 : BIOS.obj (.text:ti_sysbios_hal_Hwi_initStack)
                  01013d4a    00000030     drivers_cc32xx.aem4 : PowerCC32XX.oem4 (.text:PowerCC32XX_restoreParkedPin)
                  01013d7a    00000030     simplelink.a : fs.obj (.text:_SlFsStrlen)
                  01013daa    00000030     rtsv7M4_T_le_eabi.lib : vsnprintf.c.obj (.text:_outs)
                  01013dda    00000030     mqtt_release.a : client_core.oem4 (.text:ack2MsgIdUnlog)
                  01013e0a    00000002     --HOLE-- [fill = 0]
                  01013e0c    00000030                    : client_core.oem4 (.text:clientDescInit)
                  01013e3c    00000004     --HOLE-- [fill = 0]
                  01013e40    00000030     sysbios.aem4 : BIOS.obj (.text:findInList$40)
                  01013e70    00000030     mqtt_release.a : mqttclient.oem4 (.text:getAvailableClictxMem)
                  01013ea0    00000030     mqtt_client_app.obj (.text:printBorder)
                  01013ed0    00000030     release_pem4.oem4 (.text:ti_sysbios_BIOS_atExitFunc__I)
                  01013f00    00000030     release_pem4.oem4 (.text:ti_sysbios_BIOS_startFunc__I)
                  01013f30    00000030     sysbios.aem4 : BIOS.obj (.text:ti_sysbios_family_arm_m3_TaskSupport_start__E)
                  01013f60    00000030     release_pem4.oem4 (.text:ti_sysbios_gates_GateHwi_Object__create__S)
                  01013f90    00000030     release_pem4.oem4 (.text:ti_sysbios_gates_GateMutex_Object__create__S)
                  01013fc0    00000030     sysbios.aem4 : BIOS.obj (.text:ti_sysbios_gates_GateMutex_enter__E)
                  01013ff0    00000030     release_pem4.oem4 (.text:ti_sysbios_heaps_HeapMem_Object__create__S)
                  01014020    00000030     release_pem4.oem4 (.text:ti_sysbios_knl_Clock_construct)
                  01014050    00000030     release_pem4.oem4 (.text:ti_sysbios_knl_Semaphore_construct)
                  01014080    00000030     sysbios.aem4 : BIOS.obj (.text:ti_sysbios_knl_Semaphore_pendTimeout__I)
                  010140b0    00000030                  : BIOS.obj (.text:ti_sysbios_knl_Task_restore__E)
                  010140e0    00000030                  : BIOS.obj (.text:ti_sysbios_knl_Task_unblockI__E)
                  01014110    0000002e     simplelink.a : cc_pal.obj (.text:Mutex_create_handle)
                  0101413e    0000002e     rtsv7M4_T_le_eabi.lib : i_tofd_t2.asm.obj (.text)
                  0101416c    0000002e     release_pem4.oem4 (.text:ti_sysbios_rts_MemAlloc_alloc)
                  0101419a    00000002     --HOLE-- [fill = 0]
                  0101419c    0000002c     drivers_cc32xx.aem4 : GPIOCC32XX.oem4 (.text:GPIO_clearInt)
                  010141c8    0000002c     simplelink.a : cc_pal.obj (.text:NwpPowerOn)
                  010141f4    0000002c     drivers_cc32xx.aem4 : PowerCC32XX.oem4 (.text:PowerCC32XX_getParkState)
                  01014220    0000002c     dpl_cc32xx.aem4 : SemaphoreP_tirtos.oem4 (.text:SemaphoreP_createBinary)
                  0101424c    0000002c     slnetifwifi.a : slnetifwifi.obj (.text:SlNetIfWifi_recv)
                  01014278    0000002c                   : slnetifwifi.obj (.text:SlNetIfWifi_send)
                  010142a4    0000002c     mqtt_client_app.obj (.text:TimerPeriodicIntHandler)
                  010142d0    0000002c     simplelink.a : driver.obj (.text:_SlDrvSyncObjWaitForever)
                  010142fc    00000004     --HOLE-- [fill = 0]
                  01014300    0000002c     sysbios.aem4 : BIOS.obj (.text:_pthread_cleanupFxn)
                  0101432c    00000004     --HOLE-- [fill = 0]
                  01014330    0000002c                  : BIOS.obj (.text:clockFxn$39)
                  0101435c    0000002c     mqtt_release.a : client_core.oem4 (.text:doNetCloseRx)
                  01014388    0000002c     sysbios.aem4 : BIOS.obj (.text:getTime$20)
                  010143b4    0000002c     mqtt_release.a : client_core.oem4 (.text:singleCtxAdjWaitSecsGet)
                  010143e0    0000002c     rtsv7M4_T_le_eabi.lib : strncmp.c.obj (.text:strncmp)
                  0101440c    0000002c     release_pem4.oem4 (.text:ti_sysbios_gates_GateHwi_Handle__label__S)
                  01014438    0000002c     release_pem4.oem4 (.text:ti_sysbios_gates_GateMutex_Handle__label__S)
                  01014464    0000002c     release_pem4.oem4 (.text:ti_sysbios_heaps_HeapMem_Handle__label__S)
                  01014490    0000002c     release_pem4.oem4 (.text:ti_sysbios_knl_Clock_doTick__I)
                  010144bc    00000004     --HOLE-- [fill = 0]
                  010144c0    0000002c     sysbios.aem4 : BIOS.obj (.text:ti_sysbios_knl_Clock_getTimeout__E)
                  010144ec    0000002c     release_pem4.oem4 (.text:ti_sysbios_knl_Queue_construct)
                  01014518    0000002a     slnetsock_release.a : slnetutils.oem4 (.text:SlNetUtil_inetPton)
                  01014542    0000002a     drivers_cc32xx.aem4 : UARTCC32XXDMA.oem4 (.text:UARTCC32XXDMA_readCancel)
                  0101456c    0000002a                         : UARTCC32XXDMA.oem4 (.text:UARTCC32XXDMA_writeCancel)
                  01014596    0000002a     mqtt_release.a : client_core.oem4 (.text:ack2MsgIdDispatch)
                  010145c0    0000002a     release_pem4.oem4 (.text:calloc)
                  010145ea    0000002a     mqtt_release.a : client_core.oem4 (.text:pingReqSend)
                  01014614    00000004     --HOLE-- [fill = 0]
                  01014618    0000002a     sysbios.aem4 : BIOS.obj (.text:sem_init)
                  01014642    0000002a     mqtt_release.a : client_core.oem4 (.text:txPartSetup)
                  0101466c    00000028                    : mqtt_common.oem4 (.text:MQTT_packetBufWrUtf8)
                  01014694    00000028     driverlib.a : prcm.obj (.text:PRCMPeripheralClkDisable)
                  010146bc    00000028     dpl_cc32xx.aem4 : PowerCC32XX_tirtos.oem4 (.text:PowerCC32XX_initPolicy)
                  010146e4    00000028     drivers_cc32xx.aem4 : PowerCC32XX.oem4 (.text:Power_registerNotify)
                  0101470c    00000028     slnetsock_release.a : slnetif.oem4 (.text:SlNetIf_getIfByID)
                  01014734    00000028                         : slnetsock.oem4 (.text:SlNetSock_sdsIsSet)
                  0101475c    00000028                         : slnetsock.oem4 (.text:SlNetSock_sdsSet)
                  01014784    00000028                         : slnetsock.oem4 (.text:SlNetSock_secAttribDelete)
                  010147ac    00000028     simplelink.a : driver.obj (.text:_SlDrvProtectionObjLockWaitForever)
                  010147d4    00000028                  : driver.obj (.text:_SlDrvProtectionObjUnLock)
                  010147fc    00000028                  : flowcont.obj (.text:_SlFlowContSet)
                  01014824    00000028     mqtt_release.a : client_core.oem4 (.text:_procPubRelRx)
                  0101484c    00000028                    : mqttclient.oem4 (.text:_sl_ExtLib_AwaitedAckLockedSet)
                  01014874    00000028     sysbios.aem4 : m3_Hwi_asm.obj (.text:ti_sysbios_family_arm_m3_Hwi_excHandlerAsm__I)
                  0101489c    00000004     --HOLE-- [fill = 0]
                  010148a0    00000028                  : BIOS.obj (.text:ti_sysbios_knl_Clock_addI__E)
                  010148c8    00000028                  : BIOS.obj (.text:ti_sysbios_knl_Swi_Module_startup__E)
                  010148f0    00000026     drivers_cc32xx.aem4 : List.oem4 (.text:List_put)
                  01014916    00000026                         : List.oem4 (.text:List_remove)
                  0101493c    00000026     mqtt_release.a : mqtt_common.oem4 (.text:MQTT_clCtxRemove)
                  01014962    00000002     --HOLE-- [fill = 0]
                  01014964    00000024     drivers_cc32xx.aem4 : PowerCC32XX.oem4 (.text:PowerCC32XX_reset)
                  01014988    00000024     slnetsock_release.a : slnetif.oem4 (.text:SlNetIf_getConnectionStatus)
                  010149ac    00000024     simplelink.a : driver.obj (.text:_SlDrvIsApiInProgress)
                  010149d0    00000024                  : driver.obj (.text:_SlDrvStartMeasureTimeout)
                  010149f4    00000024     mqtt_release.a : client_core.oem4 (.text:conn2usedCtxs)
                  01014a18    00000024     rtsv7M4_T_le_eabi.lib : memmov.c.obj (.text:memmove)
                  01014a3c    00000004     --HOLE-- [fill = 0]
                  01014a40    00000024     sysbios.aem4 : BIOS.obj (.text:pthread_attr_init)
                  01014a64    00000024     mqtt_release.a : client_core.oem4 (.text:recvHvecLoad)
                  01014a88    00000024     simplelink.a : wlan.obj (.text:sl_WlanDisconnect)
                  01014aac    00000024     release_pem4.oem4 (.text:ti_sysbios_BIOS_registerRTSLock__I)
                  01014ad0    00000024     release_pem4.oem4 (.text:ti_sysbios_BIOS_removeRTSLock__I)
                  01014af4    00000004     --HOLE-- [fill = 0]
                  01014af8    00000024     sysbios.aem4 : BIOS.obj (.text:ti_sysbios_family_arm_m3_Timer_postInit__I)
                  01014b1c    00000004     --HOLE-- [fill = 0]
                  01014b20    00000024                  : BIOS.obj (.text:ti_sysbios_family_arm_m3_Timer_startup__E)
                  01014b44    00000024     release_pem4.oem4 (.text:ti_sysbios_gates_GateMutex_Object__delete__S)
                  01014b68    00000024     sysbios.aem4 : BIOS.obj (.text:ti_sysbios_knl_Clock_Module_startup__E)
                  01014b8c    00000024     release_pem4.oem4 (.text:ti_sysbios_knl_Clock_Object__delete__S)
                  01014bb0    00000024     sysbios.aem4 : BIOS.obj (.text:ti_sysbios_knl_Clock_start__E)
                  01014bd4    00000004     --HOLE-- [fill = 0]
                  01014bd8    00000024                  : BIOS.obj (.text:ti_sysbios_knl_Semaphore_Instance_init__E)
                  01014bfc    00000024     release_pem4.oem4 (.text:ti_sysbios_knl_Semaphore_Object__delete__S)
                  01014c20    00000024     sysbios.aem4 : BIOS.obj (.text:ti_sysbios_knl_Task_restoreHwi__E)
                  01014c44    00000004     --HOLE-- [fill = 0]
                  01014c48    00000024                  : BIOS.obj (.text:xdc_runtime_Error_policyMin__E)
                  01014c6c    00000022     mqtt_release.a : mqtt_common.oem4 (.text:MQTT_packetProcMsgIdAckRx)
                  01014c8e    00000020                    : mqtt_common.oem4 (.text:MQTT_qos2PubCqReset)
                  01014cae    00000002     --HOLE-- [fill = 0]
                  01014cb0    00000020     mqtt_client_app.obj (.text:Mqtt_ClientStop)
                  01014cd0    00000020     drivers_cc32xx.aem4 : PowerCC32XX.oem4 (.text:Power_unregisterNotify)
                  01014cf0    00000020     slnetifwifi.a : slnetifwifi.obj (.text:SlNetIfWifi_accept)
                  01014d10    00000020     drivers_cc32xx.aem4 : SPICC32XXDMA.oem4 (.text:getPowerMgrId)
                  01014d30    00000020                         : UARTCC32XXDMA.oem4 (.text:getPowerMgrId)
                  01014d50    00000020     sysbios.aem4 : BIOS.obj (.text:sem_trywait)
                  01014d70    00000020     mqtt_release.a : client_core.oem4 (.text:session311fix)
                  01014d90    00000020     release_pem4.oem4 (.text:ti_sysbios_BIOS_rtsLock__I)
                  01014db0    00000020     release_pem4.oem4 (.text:ti_sysbios_family_arm_m3_Hwi_Object__delete__S)
                  01014dd0    00000020     sysbios.aem4 : BIOS.obj (.text:ti_sysbios_family_arm_m3_Hwi_clearInterrupt__E)
                  01014df0    00000020     release_pem4.oem4 (.text:ti_sysbios_gates_GateHwi_Object__delete__S)
                  01014e10    00000020     release_pem4.oem4 (.text:ti_sysbios_heaps_HeapMem_Object__delete__S)
                  01014e30    00000020     release_pem4.oem4 (.text:ti_sysbios_knl_Clock_destruct)
                  01014e50    00000020     sysbios.aem4 : BIOS.obj (.text:ti_sysbios_knl_Idle_run__E)
                  01014e70    00000020     release_pem4.oem4 (.text:ti_sysbios_knl_Semaphore_destruct)
                  01014e90    00000020     release_pem4.oem4 (.text:ti_sysbios_knl_Task_Object__delete__S)
                  01014eb0    0000001e     mqtt_release.a : client_core.oem4 (.text:MQTTClientCore_alloc)
                  01014ece    0000001e                    : client_core.oem4 (.text:MQTTClientCore_ctxRun)
                  01014eec    0000001e     slnetifwifi.a : slnetifwifi.obj (.text:SlNetIfWifi_bind)
                  01014f0a    0000001e                   : slnetifwifi.obj (.text:SlNetIfWifi_connect)
                  01014f28    0000001e     simplelink.a : driver.obj (.text:_SlDrvObjLockWaitForever)
                  01014f46    0000001e                  : driver.obj (.text:_SlDrvObjUnLock)
                  01014f64    0000001e                  : driver.obj (.text:_SlDrvSyncObjSignal)
                  01014f82    0000001e     drivers_cc32xx.aem4 : UDMACC32XX.oem4 (.text:postNotifyFxn)
                  01014fa0    0000001e     mqtt_release.a : client_core.oem4 (.text:procNetDataRecv)
                  01014fbe    0000001e                    : client_core.oem4 (.text:sessionDelete)
                  01014fdc    0000001e     sysbios.aem4 : m3_Hwi_asm_switch.obj (.text:ti_sysbios_family_xxx_Hwi_switchAndRunFunc)
                  01014ffa    00000002     --HOLE-- [fill = 0]
                  01014ffc    0000001c     uart_term.obj (.text:Message)
                  01015018    0000001c     driverlib.a : pin.obj (.text:PinToPadGet)
                  01015034    0000001c     simplelink.a : device.obj (.text:_SlDeviceGetStartResponseConvert)
                  01015050    0000001c                  : spawn.obj (.text:_SlInternalIsItSpawnThread)
                  0101506c    0000001c     mqtt_release.a : client_core.oem4 (.text:awaitsPkts)
                  01015088    0000001c                    : client_core.oem4 (.text:doNetCloseTx)
                  010150a4    0000001c     rtsv7M4_T_le_eabi.lib : memccpy.c.obj (.text:memccpy)
                  010150c0    0000001c     mqtt_release.a : client_core.oem4 (.text:processRecv)
                  010150dc    00000004     --HOLE-- [fill = 0]
                  010150e0    0000001c     sysbios.aem4 : BIOS.obj (.text:ti_sysbios_family_arm_m3_Hwi_excHandler__I)
                  010150fc    00000004     --HOLE-- [fill = 0]
                  01015100    0000001c                  : BIOS.obj (.text:ti_sysbios_family_arm_m3_Timer_Module_startup__E)
                  0101511c    00000004     --HOLE-- [fill = 0]
                  01015120    0000001c                  : BIOS.obj (.text:ti_sysbios_family_arm_m3_Timer_stop__E)
                  0101513c    00000004     --HOLE-- [fill = 0]
                  01015140    0000001c                  : BIOS.obj (.text:ti_sysbios_gates_GateMutex_Instance_init__E)
                  0101515c    00000004     --HOLE-- [fill = 0]
                  01015160    0000001c                  : BIOS.obj (.text:ti_sysbios_knl_Clock_Instance_finalize__E)
                  0101517c    0000001c     release_pem4.oem4 (.text:ti_sysbios_knl_Queue_destruct)
                  01015198    0000001c     sysbios.aem4 : BIOS.obj (.text:ti_sysbios_knl_Queue_get__E)
                  010151b4    00000004     --HOLE-- [fill = 0]
                  010151b8    0000001c                  : BIOS.obj (.text:ti_sysbios_knl_Queue_put__E)
                  010151d4    00000004     --HOLE-- [fill = 0]
                  010151d8    0000001c                  : BIOS.obj (.text:ti_sysbios_knl_Task_enter__I)
                  010151f4    00000004     --HOLE-- [fill = 0]
                  010151f8    0000001c                  : BIOS.obj (.text:ti_sysbios_rts_ti_ReentSupport_getReent__F)
                  01015214    00000004     --HOLE-- [fill = 0]
                  01015218    0000001c                  : BIOS.obj (.text:timerThreadFxn$51)
                  01015234    0000001c     mqtt_release.a : client_core.oem4 (.text:usedCtxsTOSort)
                  01015250    0000001a                    : mqtt_common.oem4 (.text:MQTT_packetAckWlistPurge)
                  0101526a    0000001a     slnetifwifi.a : slnetifwifi.obj (.text:SlNetIfWifi_listen)
                  01015284    0000001a     release_pem4.oem4 (.text:free)
                  0101529e    0000001a     sysbios.aem4 : m3_Hwi_asm.obj (.text:ti_sysbios_family_arm_m3_Hwi_pendSV__I)
                  010152b8    00000018     mqtt_release.a : mqtt_common.oem4 (.text:MQTT_clCtxTimeoutUpdate)
                  010152d0    00000018     drivers_cc32xx.aem4 : PowerCC32XX.oem4 (.text:Power_idleFunc)
                  010152e8    00000018     driverlib.a : uart.obj (.text:UARTBusy)
                  01015300    00000018     drivers_cc32xx.aem4 : UART.oem4 (.text:UART_Params_init)
                  01015318    00000018     rtsv7M4_T_le_eabi.lib : args_main.c.obj (.text:_args_main)
                  01015330    00000018                           : vsnprintf.c.obj (.text:_outc)
                  01015348    00000018     mqtt_release.a : client_core.oem4 (.text:groupCtxsAdjWaitSecsGet)
                  01015360    00000018                    : client_core.oem4 (.text:netClCtxFind)
                  01015378    00000018     uart_term.obj (.text:putch)
                  01015390    00000018     rtsv7M4_T_le_eabi.lib : ll_mul_t2.asm.obj (.text)
                  010153a8    00000018                           : strcmp.c.obj (.text:strcmp)
                  010153c0    00000018     release_pem4.oem4 (.text:ti_sysbios_BIOS_rtsUnlock__I)
                  010153d8    00000018     release_pem4.oem4 (.text:ti_sysbios_family_arm_m3_Hwi_Module__startupDone__F)
                  010153f0    00000018     release_pem4.oem4 (.text:ti_sysbios_family_arm_m3_Timer_Module__startupDone__F)
                  01015408    00000018     sysbios.aem4 : BIOS.obj (.text:ti_sysbios_gates_GateMutex_leave__E)
                  01015420    00000018                  : BIOS.obj (.text:ti_sysbios_knl_Task_sleepTimeout__I)
                  01015438    00000018     release_pem4.oem4 (.text:ti_sysbios_rts_ti_ReentSupport_getTlsAddr__I)
                  01015450    00000018     sysbios.aem4 : BIOS.obj (.text:xdc_runtime_Error_init__E)
                  01015468    00000018                  : BIOS.obj (.text:xdc_runtime_System_exit__E)
                  01015480    00000016     mqtt_release.a : mqtt_net_func.oem4 (.text:MQTTNet_commClose)
                  01015496    00000016                    : mqtt_common.oem4 (.text:MQTT_clCtxReset)
                  010154ac    00000016                    : mqtt_common.oem4 (.text:MQTT_packetFree)
                  010154c2    00000016                    : mqtt_common.oem4 (.text:MQTT_packetInit)
                  010154d8    00000016     driverlib.a : prcm.obj (.text:PRCMHIBRegRead)
                  010154ee    00000016                 : prcm.obj (.text:PRCMHIBRegWrite)
                  01015504    00000016     simplelink.a : driver.obj (.text:_SlDrvMemZero)
                  0101551a    00000006     drivers_cc32xx.aem4 : SPICC32XXDMA.oem4 (.text:SPICC32XXDMA_control)
                  01015520    00000016     sysbios.aem4 : BIOS.obj (.text:pthread_mutex_destroy)
                  01015536    00000016     rtsv7M4_T_le_eabi.lib : strchr.c.obj (.text:strchr)
                  0101554c    00000016     release_pem4.oem4 (.text:ti_sysbios_BIOS_exitFunc__I)
                  01015562    00000006     driverlib.a : utils.obj (.text:UtilsDelay)
                  01015568    00000016     sysbios.aem4 : BIOS.obj (.text:timerFxn$51)
                  0101557e    00000014     mqtt_release.a : mqttclient.oem4 (.text:MQTTClient_publish)
                  01015592    00000014                    : mqtt_net_func.oem4 (.text:MQTTNet_rtcSecs)
                  010155a6    00000014                    : mqtt_common.oem4 (.text:MQTT_packetAckWlistAppend)
                  010155ba    00000014                    : mqtt_common.oem4 (.text:MQTT_packetReset)
                  010155ce    00000002     --HOLE-- [fill = 0]
                  010155d0    00000014     drivers_cc32xx.aem4 : PowerCC32XX.oem4 (.text:Power_getDependencyCount)
                  010155e4    00000014                         : SPI.oem4 (.text:SPI_Params_init)
                  010155f8    00000014     slnetsock_release.a : slnetsock.oem4 (.text:SlNetSock_sdsClrAll)
                  0101560c    00000014     mqtt_release.a : client_core.oem4 (.text:ack1WlRmfree)
                  01015620    00000014     sysbios.aem4 : BIOS.obj (.text:pthread_attr_setschedparam)
                  01015634    00000014     rtsv7M4_T_le_eabi.lib : strcpy.c.obj (.text:strcpy)
                  01015648    00000014                           : strlen.c.obj (.text:strlen)
                  0101565c    00000014     release_pem4.oem4 (.text:ti_sysbios_family_arm_m3_Hwi_Object__get__S)
                  01015670    00000014     sysbios.aem4 : BIOS.obj (.text:ti_sysbios_family_arm_m3_Hwi_switchFromBootStack__E)
                  01015684    00000014     release_pem4.oem4 (.text:ti_sysbios_heaps_HeapMem_Object__get__S)
                  01015698    00000014     sysbios.aem4 : BIOS.obj (.text:ti_sysbios_knl_Clock_tickReconfig__E)
                  010156ac    00000014     release_pem4.oem4 (.text:ti_sysbios_knl_Swi_Object__get__S)
                  010156c0    00000014     mqtt_release.a : client_core.oem4 (.text:txPartBufP)
                  010156d4    00000014                    : client_core.oem4 (.text:txPartReset)
                  010156e8    00000012     dpl_cc32xx.aem4 : SemaphoreP_tirtos.oem4 (.text:SemaphoreP_pend)
                  010156fa    00000012     slnetifwifi.a : slnetifwifi.obj (.text:SlNetIfWifi_close)
                  0101570c    00000004     --HOLE-- [fill = 0]
                  01015710    00000012     sysbios.aem4 : BIOS.obj (.text:_pthread_runStub$41)
                  01015722    00000012     mqtt_release.a : client_core.oem4 (.text:mqpDoNotReportCor)
                  01015734    00000012                    : client_core.oem4 (.text:sessionResume)
                  01015746    00000002     --HOLE-- [fill = 0]
                  01015748    00000012     sysbios.aem4 : BIOS.obj (.text:ti_sysbios_hal_Hwi_Module_startup__E)
                  0101575a    00000012     rtsv7M4_T_le_eabi.lib : wcslen.c.obj (.text:wcslen)
                  0101576c    00000012     release_pem4.oem4 (.text:xdc_runtime_Startup_exec__I)
                  0101577e    00000010     ti_drivers_config.obj (.text:Board_init)
                  0101578e    00000010     dpl_cc32xx.aem4 : HwiP_tirtos.oem4 (.text:HwiP_Params_init)
                  0101579e    00000002     --HOLE-- [fill = 0]
                  010157a0    00000010     mqtt_client_app.obj (.text:LedTimerDeinitStop)
                  010157b0    00000010     slnetsock_release.a : slnetsock.oem4 (.text:SlNetSock_secAttribCreate)
                  010157c0    00000010     simplelink.a : driver.obj (.text:_SlDrvDispatchHttpServerEvents)
                  010157d0    00000010                  : driver.obj (.text:_SlDrvDispatchNetAppRequestEvents)
                  010157e0    00000010                  : driver.obj (.text:_SlDrvIsSpawnOwnGlobalLock)
                  010157f0    00000010     mqtt_release.a : client_core.oem4 (.text:clCtxFreeup)
                  01015800    00000010     ti_drivers_config.obj (.text:dmaErrorFxn)
                  01015810    00000010     mqtt_release.a : client_core.oem4 (.text:isConnected)
                  01015820    00000010                    : client_core.oem4 (.text:isValidUTF8String)
                  01015830    00000010                    : client_core.oem4 (.text:mqpFree)
                  01015840    00000010     sysbios.aem4 : BIOS.obj (.text:pthread_mutexattr_init)
                  01015850    00000010                  : BIOS.obj (.text:pthread_mutexattr_settype)
                  01015860    00000010                  : BIOS.obj (.text:ti_sysbios_BIOS_getCpuFreq__E)
                  01015870    00000010                  : BIOS.obj (.text:ti_sysbios_BIOS_setThreadType__E)
                  01015880    00000010                  : BIOS.obj (.text:ti_sysbios_BIOS_start__E)
                  01015890    00000010                  : m3_TaskSupport_asm.obj (.text:ti_sysbios_family_arm_m3_TaskSupport_glue)
                  010158a0    00000010                  : m3_TaskSupport_asm.obj (.text:ti_sysbios_family_arm_m3_TaskSupport_swap__E)
                  010158b0    00000010                  : BIOS.obj (.text:ti_sysbios_gates_GateMutex_Instance_finalize__E)
                  010158c0    00000010     release_pem4.oem4 (.text:ti_sysbios_knl_Mailbox_Object__get__S)
                  010158d0    00000010     sysbios.aem4 : BIOS.obj (.text:ti_sysbios_knl_Semaphore_Instance_finalize__E)
                  010158e0    00000010                  : BIOS.obj (.text:ti_sysbios_knl_Swi_disable__E)
                  010158f0    00000010     release_pem4.oem4 (.text:ti_sysbios_knl_Task_Object__get__S)
                  01015900    00000010     sysbios.aem4 : BIOS.obj (.text:ti_sysbios_knl_Task_disable__E)
                  01015910    00000010                  : BIOS.obj (.text:xdc_runtime_Memory_free__E)
                  01015920    00000010                  : BIOS.obj (.text:xdc_runtime_SysCallback_abort__E)
                  01015930    00000010                  : BIOS.obj (.text:xdc_runtime_SysCallback_exit__E)
                  01015940    0000000e     simplelink.a : driver.obj (.text:_SlDrvResetCmdExt)
                  0101594e    0000000e     mqtt_release.a : mqttclient.oem4 (.text:_sl_ExtLib_AwaitedAckSet)
                  0101595c    0000000e                    : client_core.oem4 (.text:connSentStateRx)
                  0101596a    0000000e     rtsv7M4_T_le_eabi.lib : copy_decompress_none.c.obj (.text:decompress:none:__TI_decompress_none)
                  01015978    0000000e     drivers_cc32xx.aem4 : SPICC32XXDMA.oem4 (.text:postNotifyFxn)
                  01015986    00000002     --HOLE-- [fill = 0]
                  01015988    0000000e     sysbios.aem4 : BIOS.obj (.text:pthread_attr_setdetachstate)
                  01015996    00000002     --HOLE-- [fill = 0]
                  01015998    0000000e                  : BIOS.obj (.text:sem_wait)
[...]
01015c81  ti_sysbios_hal_Hwi_startup__E                                   
01015ca9  ti_sysbios_family_arm_m3_Hwi_doTaskRestore__I                   
01015cb1  HwiP_restore                                                    
01015cb1  ti_sysbios_family_arm_m3_Hwi_restoreFxn__E                      
01015cb1  ti_sysbios_hal_Hwi_HwiProxy_restore__E                          
01015cb9  ti_sysbios_gates_GateHwi_leave__E                               
01015cc1  ti_sysbios_heaps_HeapMem_isBlocking__E                          
01015cc9  ti_sysbios_knl_Clock_stop__E                                    
01015cd1  ti_sysbios_knl_Queue_Instance_init__E                           
01015cd9  ti_sysbios_knl_Swi_startup__E                                   
01015ce1  xdc_runtime_System_Module_startup__E                            
01015ce9  __aeabi_errno_addr                                              
01015cf1  ti_sysbios_family_arm_m3_Timer_getMaxTicks__E                   
01015cf9  ti_sysbios_gates_GateHwi_query__E                               
01015cf9  xdc_runtime_Main_Module_GateProxy_query__E                      
01015cf9  xdc_runtime_System_Module_GateProxy_query__E                    
01015d01  ti_sysbios_BIOS_RtsGateProxy_query__E                           
01015d01  ti_sysbios_gates_GateMutex_query__E                             
01015d01  ti_sysbios_heaps_HeapMem_Module_GateProxy_query__E              
01015d09  ti_sysbios_knl_Clock_setTimeout__E                              
01015d11  ti_sysbios_knl_Task_startup__E                                  
01015d19  ti_sysbios_BIOS_linkedWithIncorrectBootLibrary__E               
01015d21  ti_sysbios_gates_GateHwi_Instance_init__E                       
01015d29  ti_sysbios_knl_Clock_logTick__E                                 
01015d31  xdc_runtime_SysCallback_defaultAbort                            
01015d39  xdc_runtime_SysCallback_defaultExit                             
01015d41  xdc_runtime_System_abortSpin__E                                 
01015d49  xdc_runtime_System_exitSpin__E                                  
01015e74  _ctypes_                                                        
01016120  spiCC32XXDMAHWAttrs                                             
01016198  OpcodeTranslateTable                                            
01016208  _SlActionLookupTable                                            
01016258  PowerCC32XX_config                                              
01016298  ti_sysbios_knl_Task_Object__PARAMS__C                           
010162d4  ti_sysbios_knl_Mailbox_Object__PARAMS__C                        
01016308  ti_sysbios_family_arm_m3_Hwi_Object__PARAMS__C                  
01016364  UARTCC32XXDMA_fxnTable                                          
0101638c  ti_sysbios_heaps_HeapMem_Module__FXNS__C                        
010163b4  UART_defaultParams                                              
010163d8  ti_sysbios_gates_GateHwi_Module__FXNS__C                        
010163fc  ti_sysbios_gates_GateMutex_Module__FXNS__C                      
01016420  ti_sysbios_heaps_HeapMem_Object__PARAMS__C                      
01016444  ti_sysbios_knl_Clock_Object__PARAMS__C                          
01016468  ti_sysbios_knl_Semaphore_Object__PARAMS__C                      
010164f4  SPI_defaultParams                                               
01016534  ti_sysbios_family_arm_m3_Hwi_Object__DESC__C                    
01016554  ti_sysbios_gates_GateHwi_Object__DESC__C                        
01016574  ti_sysbios_gates_GateMutex_Object__DESC__C                      
01016594  ti_sysbios_heaps_HeapMem_Object__DESC__C                        
010165b4  ti_sysbios_knl_Clock_Object__DESC__C                            
010165d4  ti_sysbios_knl_Mailbox_Object__DESC__C                          
010165f4  ti_sysbios_knl_Queue_Object__DESC__C                            
01016614  ti_sysbios_knl_Semaphore_Object__DESC__C                        
01016634  ti_sysbios_knl_Task_Object__DESC__C                             
01016654  xdc_runtime_Startup_sfxnTab__A                                  
01016674  SPICC32XXDMA_fxnTable                                           
0101668c  SPI_config                                                      
010166a4  ti_sysbios_gates_GateHwi_Object__PARAMS__C                      
010166bc  ti_sysbios_gates_GateMutex_Object__PARAMS__C                    
010166d4  ti_sysbios_knl_Queue_Object__PARAMS__C                          
010166ec  ti_sysbios_knl_Task_hooks__A                                    
010167d4  GPIOCC32XX_config                                               
010168a8  xdc_runtime_Startup_sfxnRts__A                                  
010168b8  UART_config                                                     
010168e8  udmaCC3220SHWAttrs                                              
010168f4  xdc_runtime_Startup_firstFxns__A                                
01016908  UDMACC32XX_config                                               
01016928  outPinTypes                                                     
01016930  heap0                                                           
01016934  tiposix_mqGate                                                  
01016940  ti_sysbios_knl_Idle_funcList__A                                 
01016948  ti_sysbios_knl_Idle_funcList__C                                 
01016950  ti_sysbios_knl_Task_hooks__C                                    
01016958  xdc_runtime_Startup_firstFxns__C                                
01016960  xdc_runtime_Startup_lastFxns__C                                 
0101696e  inPinTypes                                                      
01016974  outPinStrengths                                                 
0101697f  Display_count                                                   
01016980  CryptoCC32XX_count                                              
01016981  SPI_count                                                       
01016982  Timer_count                                                     
01016983  UART_count                                                      
010169c0  _SlNetAppSendResponseCmdCtrl                                    
010169c4  _SlNetAppSendTokenValueCmdCtrl                                  
010169f4  ti_sysbios_family_arm_m3_Hwi_E_alreadyDefined__C                
010169f8  ti_sysbios_family_arm_m3_Hwi_E_badIntNum__C                     
010169fc  ti_sysbios_family_arm_m3_Hwi_NUM_INTERRUPTS__C                  
01016a00  ti_sysbios_family_arm_m3_Hwi_Object__count__C                   
01016a04  ti_sysbios_family_arm_m3_Hwi_ccr__C                             
01016a08  ti_sysbios_family_arm_m3_Hwi_excHandlerFunc__C                  
01016a0c  ti_sysbios_family_arm_m3_Hwi_nullIsrFunc__C                     
01016a10  ti_sysbios_family_arm_m3_Hwi_priGroup__C                        
01016a14  ti_sysbios_family_arm_m3_Hwi_swiDisable__C                      
01016a18  ti_sysbios_family_arm_m3_Hwi_swiRestore__C                      
01016a1c  ti_sysbios_family_arm_m3_TaskSupport_stackAlignment__C          
01016a20  ti_sysbios_family_arm_m3_Timer_E_cannotSupport__C               
01016a24  ti_sysbios_family_arm_m3_Timer_startupNeeded__C                 
01016a28  ti_sysbios_gates_GateMutex_Instance_State_sem__O                
01016a2c  ti_sysbios_heaps_HeapMem_E_memory__C                            
01016a30  ti_sysbios_heaps_HeapMem_Module__gateObj__C                     
01016a34  ti_sysbios_heaps_HeapMem_Object__count__C                       
01016a38  ti_sysbios_heaps_HeapMem_primaryHeapBaseAddr__C                 
01016a3c  ti_sysbios_heaps_HeapMem_primaryHeapEndAddr__C                  
01016a40  ti_sysbios_heaps_HeapMem_reqAlign__C                            
01016a44  ti_sysbios_knl_Clock_Module_State_clockQ__O                     
01016a48  ti_sysbios_knl_Clock_tickPeriod__C                              
01016a4c  ti_sysbios_knl_Mailbox_Instance_State_dataQue__O                
01016a50  ti_sysbios_knl_Mailbox_Instance_State_dataSem__O                
01016a54  ti_sysbios_knl_Mailbox_Instance_State_freeQue__O                
01016a58  ti_sysbios_knl_Mailbox_Instance_State_freeSem__O                
01016a5c  ti_sysbios_knl_Mailbox_Object__count__C                         
01016a60  ti_sysbios_knl_Mailbox_maxTypeAlign__C                          
01016a64  ti_sysbios_knl_Semaphore_Instance_State_pendQ__O                
01016a68  ti_sysbios_knl_Swi_Object__count__C                             
01016a6c  ti_sysbios_knl_Task_Module_State_inactiveQ__O                   
01016a70  ti_sysbios_knl_Task_Object__count__C                            
01016a74  ti_sysbios_knl_Task_Object__heap__C                             
01016a78  ti_sysbios_knl_Task_allBlockedFunc__C                           
01016a7c  ti_sysbios_knl_Task_defaultStackHeap__C                         
01016a80  ti_sysbios_knl_Task_defaultStackSize__C                         
01016a84  ti_sysbios_knl_Task_numConstructedTasks__C                      
01016a88  xdc_runtime_Error_E_memory__C                                   
01016a8c  xdc_runtime_Error_policyFxn__C                                  
01016a90  xdc_runtime_IGateProvider_Interface__BASE__C                    
01016a94  xdc_runtime_IHeap_Interface__BASE__C                            
01016a98  xdc_runtime_IModule_Interface__BASE__C                          
01016a9c  xdc_runtime_Memory_defaultHeapInstance__C                       
01016aa0  xdc_runtime_Startup_execImpl__C                                 
01016aa4  xdc_runtime_Startup_maxPasses__C                                
01016aa8  xdc_runtime_Startup_sfxnRts__C                                  
01016aac  xdc_runtime_Startup_sfxnTab__C                                  
01016ab0  xdc_runtime_SysCallback_abortFxn__C                             
01016ab4  xdc_runtime_SysCallback_exitFxn__C                              
01016ab8  xdc_runtime_System_Module__gateObj__C                           
01016abc  xdc_runtime_System_abortFxn__C                                  
01016ac0  xdc_runtime_System_exitFxn__C                                   
01016ac4  xdc_runtime_System_maxAtexitHandlers__C                         
01016ac8  ti_sysbios_family_arm_m3_Hwi_Module__id__C                      
01016aca  ti_sysbios_family_arm_m3_Timer_Module__id__C                    
01016acc  ti_sysbios_heaps_HeapMem_Module__id__C                          
01016ace  xdc_runtime_Memory_Module__id__C                                
01016ad0  ti_sysbios_knl_Clock_tickMode__C                                
01016ad1  ti_sysbios_knl_Clock_tickSource__C                              
01016ad2  xdc_runtime_Error_policy__C                                     
01016ad8  __TI_static_base__                                              
01016e14  __TI_Handler_Table_Base                                         
01016e20  __TI_Handler_Table_Limit                                        
01016e28  __TI_CINIT_Base                                                 
01016e38  __TI_CINIT_Limit                                                
20000000  ti_sysbios_family_arm_m3_Hwi_ramVectors                         
20000310  __primary_heap_start__                                          
20008310  __primary_heap_end__                                            
20009000  g_CB                                                            
200093fc  ti_sysbios_family_arm_m3_Hwi_dispatchTable                      
20009708  clients                                                         
200099b8  ti_sysbios_knl_Task_Instance_State_0_stack__A                   
20009bb8  PowerCC32XX_contextSave                                         
20009db4  spiCC32XXDMAObjects                                             
20009ebc  uartCC32XXObjects0                                              
20009f70  GlobalLockObj                                                   
20009f9c  g_SlInternalSpawnCB                                             
20009fc4  g_ucConnectionSSID                                              
2000a064  MQTTClient_Lib_CB                                               
2000a074  DeviceCB                                                        
2000a080  MqttClientExmple_params                                         
2000a08c  Msg                                                             
2000a098  g_ucConnectionBSSID                                             
2000a0a0  spiCC32XXSDMAscratchBuf                                         
2000a0a8  udmaCC3220SObject                                               
2000a0bc  ClockP_tickPeriod                                               
2000a0c0  g_PBQueue                                                       
2000a0c4  g_timer                                                         
2000a0c8  ti_sysbios_knl_Task_Instance_State_0_hookEnv__A                 
2000a0cc  MQTTClient_waitSecs                                             
2000a0ce  g_usConnectIndex                                                
2000a0d0  g_usTimerInts                                                   
2000a0d2  RxIrqCnt                                                        
2000a0d4  PowerCC32XX_module                                              
2000a240  parkInfo                                                        
2000a3c0  ti_sysbios_knl_Swi_Module_State_0_readyQ__A                     
2000a440  ti_sysbios_knl_Task_Module_State_0_readyQ__A                    
2000a4c0  SlNetIfConfigWifi                                               
2000a518  ti_sysbios_gates_GateMutex_Object__table__V                     
2000a56c  ti_sysbios_knl_Task_Object__table__V                            
2000a5b8  ti_sysbios_knl_Task_Module__state__V                            
2000a631  lineBreak                                                       
2000a634  ti_sysbios_family_arm_m3_Hwi_Module__state__V                   
2000a668  gApConnectionState                                              
2000a66c  gInitState                                                      
2000a670  memPtrCounterfree                                               
2000a674  gResetApplication                                               
2000a678  g_rx_task_hndl                                                  
2000a67c  gUiConnFlag                                                     
2000a680  ClientUsername                                                  
2000a684  ClientPassword                                                  
2000a688  publish_topic                                                   
2000a68c  publish_data                                                    
2000a690  mqttThread                                                      
2000a694  appThread                                                       
2000a698  ti_sysbios_family_arm_m3_Timer_Object__table__V                 
2000a6c8  ti_sysbios_knl_Swi_Object__table__V                             
2000a6f8  ti_sysbios_knl_Clock_Module__state__V                           
2000a724  MQTTClient_net                                                  
2000a74c  g_LibsEvents                                                    
2000a770  g_UserEvents                                                    
2000a794  ti_sysbios_BIOS_Module__state__V                                
2000a7b8  gpioCallbackFunctions                                           
2000a7d8  gpioPinConfigs                                                  
2000a7f8  xdc_runtime_Error_IgnoreBlock                                   
2000a818  ti_sysbios_knl_Swi_Module__state__V                             
2000a834  Mqtt_ClientCtx                                                  
2000a84c  ti_sysbios_family_arm_m3_Hwi_Object__table__V                   
2000a864  ti_sysbios_heaps_HeapMem_Object__table__V                       
2000a87c  ti_sysbios_family_arm_cc32xx_Seconds_Module__state__V           
2000a88c  topic                                                           
2000a89c  ClientId                                                        
2000a8aa  ti_sysbios_family_arm_m3_Hwi_Module_State_0_excActive__A        
2000a8ac  SecurityParams                                                  
2000a8b8  g_ulStaIp                                                       
2000a8bc  g_ulGatewayIP                                                   
2000a8c0  g_ulStatus                                                      
2000a8c4  gGlobalLockCntRequested                                         
2000a8c5  gGlobalLockCntReleased                                          
2000a8c6  g_SlDeviceStatus                                                
2000a8c8  g_pCB                                                           
2000a8cc  pPingCallBackFunc                                               
2000a8d0  ti_sysbios_family_arm_m3_Timer_Module__state__V                 
2000a8f4  MQTTClient_closeContext                                         
2000a8f8  MQTTClient_clientContext                                        
2000a8fc  MQTTClient_multiSrvConn                                         
2000a900  _lock                                                           
2000a904  _unlock                                                         
2000a908  MQTTClient_clientCfg                                            
2000a918  ti_sysbios_family_arm_m3_Hwi_Module__root__V                    
2000a920  ti_sysbios_gates_GateHwi_Module__root__V                        
2000a928  ti_sysbios_gates_GateMutex_Module__root__V                      
2000a930  ti_sysbios_heaps_HeapMem_Module__root__V                        
2000a938  ti_sysbios_knl_Clock_Module__root__V                            
2000a940  ti_sysbios_knl_Mailbox_Module__root__V                          
2000a948  ti_sysbios_knl_Queue_Module__root__V                            
2000a950  ti_sysbios_knl_Semaphore_Module__root__V                        
2000a958  ti_sysbios_knl_Task_Module__root__V                             
2000a960  xdc_runtime_Startup_Module__state__V                            
2000a968  xdc_runtime_System_Module_State_0_atexitHandlers__A             
2000a970  xdc_runtime_System_Module__state__V                             
2000a980  MQTTClient_connectCfg                                           
2000a984  Mqtt_Client_secure_files                                        
2000a988  main_func_sp                                                    
2000a98c  g_intHandle                                                     
2000a994  ti_sysbios_family_arm_m3_Hwi_Module_State_0_excContext__A       
2000a998  ti_sysbios_family_arm_m3_Hwi_Module_State_0_excStack__A         
2000a99c  ti_sysbios_gates_GateHwi_Object__table__V                       
2000a9a0  ti_sysbios_knl_Task_Module_State_0_idleTask__A                  
2000a9a4  ti_sysbios_rts_ti_ReentSupport_Module__state__V                 
2000a9a8  xdc_runtime_Memory_Module__state__V                             
2003fc00  __stack                                                         
20040000  __STACK_END                                                     
e000e000  ti_sysbios_family_arm_m3_Hwi_nvic                               
ffffffff  __TI_pprof_out_hndl                                             
ffffffff  __TI_prof_data_size                                             
ffffffff  __TI_prof_data_start                                            
ffffffff  __binit__                                                       
ffffffff  __c_args__                                                      
ffffffff  binit                                                           
UNDEFED   SHT$$INIT_ARRAY$$Base                                           
UNDEFED   SHT$$INIT_ARRAY$$Limit                                          

[970 symbols]
